[2023-01-26T21:09:39.235+0100][gc] Using G1
[2023-01-26T21:09:39.239+0100][gc,init] Version: 17.0.5+9-LTS-191 (release)
[2023-01-26T21:09:39.239+0100][gc,init] CPUs: 8 total, 8 available
[2023-01-26T21:09:39.239+0100][gc,init] Memory: 15782M
[2023-01-26T21:09:39.239+0100][gc,init] Large Page Support: Disabled
[2023-01-26T21:09:39.239+0100][gc,init] NUMA Support: Disabled
[2023-01-26T21:09:39.239+0100][gc,init] Compressed Oops: Enabled (32-bit)
[2023-01-26T21:09:39.239+0100][gc,init] Heap Region Size: 1M
[2023-01-26T21:09:39.239+0100][gc,init] Heap Min Capacity: 1G
[2023-01-26T21:09:39.239+0100][gc,init] Heap Initial Capacity: 1G
[2023-01-26T21:09:39.239+0100][gc,init] Heap Max Capacity: 1G
[2023-01-26T21:09:39.239+0100][gc,init] Pre-touch: Disabled
[2023-01-26T21:09:39.239+0100][gc,init] Parallel Workers: 8
[2023-01-26T21:09:39.239+0100][gc,init] Concurrent Workers: 2
[2023-01-26T21:09:39.239+0100][gc,init] Concurrent Refinement Workers: 8
[2023-01-26T21:09:39.239+0100][gc,init] Periodic GC: Disabled
[2023-01-26T21:09:39.239+0100][gc,metaspace] CDS archive(s) mapped at: [0x0000000800000000-0x0000000800be3000-0x0000000800be3000), size 12464128, SharedBaseAddress: 0x0000000800000000, ArchiveRelocationMode: 0.
[2023-01-26T21:09:39.239+0100][gc,metaspace] Compressed class space mapped at: 0x0000000800c00000-0x0000000840c00000, reserved size: 1073741824
[2023-01-26T21:09:39.239+0100][gc,metaspace] Narrow klass base: 0x0000000800000000, Narrow klass shift: 0, Narrow klass range: 0x100000000
[2023-01-26T21:09:39.947+0100][gc,start    ] GC(0) Pause Young (Normal) (G1 Evacuation Pause)
[2023-01-26T21:09:39.947+0100][gc,task     ] GC(0) Using 8 workers of 8 for evacuation
[2023-01-26T21:09:39.951+0100][gc,phases   ] GC(0)   Pre Evacuate Collection Set: 0,1ms
[2023-01-26T21:09:39.951+0100][gc,phases   ] GC(0)   Merge Heap Roots: 0,1ms
[2023-01-26T21:09:39.951+0100][gc,phases   ] GC(0)   Evacuate Collection Set: 2,8ms
[2023-01-26T21:09:39.951+0100][gc,phases   ] GC(0)   Post Evacuate Collection Set: 0,4ms
[2023-01-26T21:09:39.951+0100][gc,phases   ] GC(0)   Other: 0,6ms
[2023-01-26T21:09:39.951+0100][gc,heap     ] GC(0) Eden regions: 51->0(44)
[2023-01-26T21:09:39.951+0100][gc,heap     ] GC(0) Survivor regions: 0->7(7)
[2023-01-26T21:09:39.951+0100][gc,heap     ] GC(0) Old regions: 0->1
[2023-01-26T21:09:39.951+0100][gc,heap     ] GC(0) Archive regions: 2->2
[2023-01-26T21:09:39.951+0100][gc,heap     ] GC(0) Humongous regions: 0->0
[2023-01-26T21:09:39.951+0100][gc,metaspace] GC(0) Metaspace: 18832K(19008K)->18832K(19008K) NonClass: 16547K(16640K)->16547K(16640K) Class: 2284K(2368K)->2284K(2368K)
[2023-01-26T21:09:39.951+0100][gc          ] GC(0) Pause Young (Normal) (G1 Evacuation Pause) 51M->8M(1024M) 4,002ms
[2023-01-26T21:09:39.951+0100][gc,cpu      ] GC(0) User=0,02s Sys=0,00s Real=0,00s
[2023-01-26T21:09:40.068+0100][gc,start    ] GC(1) Pause Young (Concurrent Start) (Metadata GC Threshold)
[2023-01-26T21:09:40.068+0100][gc,task     ] GC(1) Using 8 workers of 8 for evacuation
[2023-01-26T21:09:40.071+0100][gc,phases   ] GC(1)   Pre Evacuate Collection Set: 0,1ms
[2023-01-26T21:09:40.071+0100][gc,phases   ] GC(1)   Merge Heap Roots: 0,0ms
[2023-01-26T21:09:40.071+0100][gc,phases   ] GC(1)   Evacuate Collection Set: 2,4ms
[2023-01-26T21:09:40.071+0100][gc,phases   ] GC(1)   Post Evacuate Collection Set: 0,3ms
[2023-01-26T21:09:40.071+0100][gc,phases   ] GC(1)   Other: 0,1ms
[2023-01-26T21:09:40.071+0100][gc,heap     ] GC(1) Eden regions: 10->0(50)
[2023-01-26T21:09:40.071+0100][gc,heap     ] GC(1) Survivor regions: 7->1(7)
[2023-01-26T21:09:40.071+0100][gc,heap     ] GC(1) Old regions: 1->8
[2023-01-26T21:09:40.071+0100][gc,heap     ] GC(1) Archive regions: 2->2
[2023-01-26T21:09:40.071+0100][gc,heap     ] GC(1) Humongous regions: 0->0
[2023-01-26T21:09:40.071+0100][gc,metaspace] GC(1) Metaspace: 21313K(21504K)->21313K(21504K) NonClass: 18717K(18816K)->18717K(18816K) Class: 2596K(2688K)->2596K(2688K)
[2023-01-26T21:09:40.071+0100][gc          ] GC(1) Pause Young (Concurrent Start) (Metadata GC Threshold) 18M->9M(1024M) 3,001ms
[2023-01-26T21:09:40.071+0100][gc,cpu      ] GC(1) User=0,02s Sys=0,00s Real=0,00s
[2023-01-26T21:09:40.071+0100][gc          ] GC(2) Concurrent Mark Cycle
[2023-01-26T21:09:40.071+0100][gc,marking  ] GC(2) Concurrent Clear Claimed Marks
[2023-01-26T21:09:40.071+0100][gc,marking  ] GC(2) Concurrent Clear Claimed Marks 0,018ms
[2023-01-26T21:09:40.071+0100][gc,marking  ] GC(2) Concurrent Scan Root Regions
[2023-01-26T21:09:40.073+0100][gc,marking  ] GC(2) Concurrent Scan Root Regions 2,296ms
[2023-01-26T21:09:40.073+0100][gc,marking  ] GC(2) Concurrent Mark
[2023-01-26T21:09:40.073+0100][gc,marking  ] GC(2) Concurrent Mark From Roots
[2023-01-26T21:09:40.073+0100][gc,task     ] GC(2) Using 2 workers of 2 for marking
[2023-01-26T21:09:40.074+0100][gc,marking  ] GC(2) Concurrent Mark From Roots 1,284ms
[2023-01-26T21:09:40.074+0100][gc,marking  ] GC(2) Concurrent Preclean
[2023-01-26T21:09:40.074+0100][gc,marking  ] GC(2) Concurrent Preclean 0,040ms
[2023-01-26T21:09:40.074+0100][gc,start    ] GC(2) Pause Remark
[2023-01-26T21:09:40.075+0100][gc          ] GC(2) Pause Remark 9M->9M(1024M) 0,861ms
[2023-01-26T21:09:40.075+0100][gc,cpu      ] GC(2) User=0,01s Sys=0,00s Real=0,01s
[2023-01-26T21:09:40.075+0100][gc,marking  ] GC(2) Concurrent Mark 2,310ms
[2023-01-26T21:09:40.075+0100][gc,marking  ] GC(2) Concurrent Rebuild Remembered Sets
[2023-01-26T21:09:40.078+0100][gc,marking  ] GC(2) Concurrent Rebuild Remembered Sets 2,338ms
[2023-01-26T21:09:40.078+0100][gc,start    ] GC(2) Pause Cleanup
[2023-01-26T21:09:40.078+0100][gc          ] GC(2) Pause Cleanup 10M->10M(1024M) 0,087ms
[2023-01-26T21:09:40.078+0100][gc,cpu      ] GC(2) User=0,00s Sys=0,00s Real=0,00s
[2023-01-26T21:09:40.078+0100][gc,marking  ] GC(2) Concurrent Cleanup for Next Mark
[2023-01-26T21:09:40.082+0100][gc,marking  ] GC(2) Concurrent Cleanup for Next Mark 3,365ms
[2023-01-26T21:09:40.082+0100][gc          ] GC(2) Concurrent Mark Cycle 11,287ms
[2023-01-26T21:09:40.995+0100][gc,start    ] GC(3) Pause Young (Normal) (G1 Evacuation Pause)
[2023-01-26T21:09:40.995+0100][gc,task     ] GC(3) Using 8 workers of 8 for evacuation
[2023-01-26T21:09:40.998+0100][gc,phases   ] GC(3)   Pre Evacuate Collection Set: 0,1ms
[2023-01-26T21:09:40.998+0100][gc,phases   ] GC(3)   Merge Heap Roots: 0,0ms
[2023-01-26T21:09:40.998+0100][gc,phases   ] GC(3)   Evacuate Collection Set: 2,5ms
[2023-01-26T21:09:40.998+0100][gc,phases   ] GC(3)   Post Evacuate Collection Set: 0,3ms
[2023-01-26T21:09:40.998+0100][gc,phases   ] GC(3)   Other: 0,1ms
[2023-01-26T21:09:40.998+0100][gc,heap     ] GC(3) Eden regions: 50->0(45)
[2023-01-26T21:09:40.998+0100][gc,heap     ] GC(3) Survivor regions: 1->6(7)
[2023-01-26T21:09:40.998+0100][gc,heap     ] GC(3) Old regions: 8->8
[2023-01-26T21:09:40.998+0100][gc,heap     ] GC(3) Archive regions: 2->2
[2023-01-26T21:09:40.998+0100][gc,heap     ] GC(3) Humongous regions: 129->129
[2023-01-26T21:09:40.998+0100][gc,metaspace] GC(3) Metaspace: 31226K(31488K)->31226K(31488K) NonClass: 27676K(27840K)->27676K(27840K) Class: 3550K(3648K)->3550K(3648K)
[2023-01-26T21:09:40.998+0100][gc          ] GC(3) Pause Young (Normal) (G1 Evacuation Pause) 188M->142M(1024M) 3,062ms
[2023-01-26T21:09:40.998+0100][gc,cpu      ] GC(3) User=0,02s Sys=0,00s Real=0,00s
[2023-01-26T21:09:41.151+0100][gc,start    ] GC(4) Pause Young (Concurrent Start) (GCLocker Initiated GC)
[2023-01-26T21:09:41.151+0100][gc,task     ] GC(4) Using 8 workers of 8 for evacuation
[2023-01-26T21:09:41.157+0100][gc,phases   ] GC(4)   Pre Evacuate Collection Set: 0,2ms
[2023-01-26T21:09:41.157+0100][gc,phases   ] GC(4)   Merge Heap Roots: 0,0ms
[2023-01-26T21:09:41.157+0100][gc,phases   ] GC(4)   Evacuate Collection Set: 5,1ms
[2023-01-26T21:09:41.157+0100][gc,phases   ] GC(4)   Post Evacuate Collection Set: 0,5ms
[2023-01-26T21:09:41.157+0100][gc,phases   ] GC(4)   Other: 0,2ms
[2023-01-26T21:09:41.157+0100][gc,heap     ] GC(4) Eden regions: 20->0(49)
[2023-01-26T21:09:41.157+0100][gc,heap     ] GC(4) Survivor regions: 6->2(7)
[2023-01-26T21:09:41.157+0100][gc,heap     ] GC(4) Old regions: 8->13
[2023-01-26T21:09:41.157+0100][gc,heap     ] GC(4) Archive regions: 2->2
[2023-01-26T21:09:41.157+0100][gc,heap     ] GC(4) Humongous regions: 129->129
[2023-01-26T21:09:41.157+0100][gc,metaspace] GC(4) Metaspace: 35778K(36160K)->35778K(36160K) NonClass: 31691K(31872K)->31691K(31872K) Class: 4086K(4288K)->4086K(4288K)
[2023-01-26T21:09:41.157+0100][gc          ] GC(4) Pause Young (Concurrent Start) (GCLocker Initiated GC) 162M->144M(1024M) 6,021ms
[2023-01-26T21:09:41.157+0100][gc,cpu      ] GC(4) User=0,03s Sys=0,00s Real=0,01s
[2023-01-26T21:09:41.157+0100][gc          ] GC(5) Concurrent Mark Cycle
[2023-01-26T21:09:41.157+0100][gc,marking  ] GC(5) Concurrent Clear Claimed Marks
[2023-01-26T21:09:41.157+0100][gc,marking  ] GC(5) Concurrent Clear Claimed Marks 0,054ms
[2023-01-26T21:09:41.157+0100][gc,marking  ] GC(5) Concurrent Scan Root Regions
[2023-01-26T21:09:41.162+0100][gc,marking  ] GC(5) Concurrent Scan Root Regions 5,003ms
[2023-01-26T21:09:41.162+0100][gc,marking  ] GC(5) Concurrent Mark
[2023-01-26T21:09:41.162+0100][gc,marking  ] GC(5) Concurrent Mark From Roots
[2023-01-26T21:09:41.162+0100][gc,task     ] GC(5) Using 2 workers of 2 for marking
[2023-01-26T21:09:41.170+0100][gc,marking  ] GC(5) Concurrent Mark From Roots 7,548ms
[2023-01-26T21:09:41.170+0100][gc,marking  ] GC(5) Concurrent Preclean
[2023-01-26T21:09:41.170+0100][gc,marking  ] GC(5) Concurrent Preclean 0,075ms
[2023-01-26T21:09:41.170+0100][gc,start    ] GC(5) Pause Remark
[2023-01-26T21:09:41.171+0100][gc          ] GC(5) Pause Remark 145M->145M(1024M) 1,426ms
[2023-01-26T21:09:41.171+0100][gc,cpu      ] GC(5) User=0,01s Sys=0,00s Real=0,00s
[2023-01-26T21:09:41.171+0100][gc,marking  ] GC(5) Concurrent Mark 9,232ms
[2023-01-26T21:09:41.171+0100][gc,marking  ] GC(5) Concurrent Rebuild Remembered Sets
[2023-01-26T21:09:41.175+0100][gc,marking  ] GC(5) Concurrent Rebuild Remembered Sets 3,582ms
[2023-01-26T21:09:41.175+0100][gc,start    ] GC(5) Pause Cleanup
[2023-01-26T21:09:41.175+0100][gc          ] GC(5) Pause Cleanup 145M->145M(1024M) 0,112ms
[2023-01-26T21:09:41.175+0100][gc,cpu      ] GC(5) User=0,00s Sys=0,00s Real=0,00s
[2023-01-26T21:09:41.175+0100][gc,marking  ] GC(5) Concurrent Cleanup for Next Mark
[2023-01-26T21:09:41.179+0100][gc,marking  ] GC(5) Concurrent Cleanup for Next Mark 4,033ms
[2023-01-26T21:09:41.179+0100][gc          ] GC(5) Concurrent Mark Cycle 22,355ms
[2023-01-26T21:33:01.595+0100][gc,start    ] GC(6) Pause Young (Prepare Mixed) (G1 Evacuation Pause)
[2023-01-26T21:33:01.595+0100][gc,task     ] GC(6) Using 8 workers of 8 for evacuation
[2023-01-26T21:33:01.599+0100][gc,phases   ] GC(6)   Pre Evacuate Collection Set: 0,2ms
[2023-01-26T21:33:01.599+0100][gc,phases   ] GC(6)   Merge Heap Roots: 0,1ms
[2023-01-26T21:33:01.599+0100][gc,phases   ] GC(6)   Evacuate Collection Set: 2,8ms
[2023-01-26T21:33:01.599+0100][gc,phases   ] GC(6)   Post Evacuate Collection Set: 0,6ms
[2023-01-26T21:33:01.599+0100][gc,phases   ] GC(6)   Other: 0,2ms
[2023-01-26T21:33:01.599+0100][gc,heap     ] GC(6) Eden regions: 49->0(48)
[2023-01-26T21:33:01.599+0100][gc,heap     ] GC(6) Survivor regions: 2->3(7)
[2023-01-26T21:33:01.599+0100][gc,heap     ] GC(6) Old regions: 13->13
[2023-01-26T21:33:01.599+0100][gc,heap     ] GC(6) Archive regions: 2->2
[2023-01-26T21:33:01.599+0100][gc,heap     ] GC(6) Humongous regions: 141->129
[2023-01-26T21:33:01.599+0100][gc,metaspace] GC(6) Metaspace: 38802K(39296K)->38802K(39296K) NonClass: 34273K(34560K)->34273K(34560K) Class: 4528K(4736K)->4528K(4736K)
[2023-01-26T21:33:01.599+0100][gc          ] GC(6) Pause Young (Prepare Mixed) (G1 Evacuation Pause) 205M->145M(1024M) 3,896ms
[2023-01-26T21:33:01.599+0100][gc,cpu      ] GC(6) User=0,02s Sys=0,01s Real=0,00s
[2023-01-26T22:12:36.595+0100][gc,start    ] GC(7) Pause Young (Mixed) (G1 Evacuation Pause)
[2023-01-26T22:12:36.603+0100][gc,task     ] GC(7) Using 8 workers of 8 for evacuation
[2023-01-26T22:12:36.606+0100][gc,phases   ] GC(7)   Pre Evacuate Collection Set: 0,1ms
[2023-01-26T22:12:36.606+0100][gc,phases   ] GC(7)   Merge Heap Roots: 0,1ms
[2023-01-26T22:12:36.606+0100][gc,phases   ] GC(7)   Evacuate Collection Set: 2,4ms
[2023-01-26T22:12:36.606+0100][gc,phases   ] GC(7)   Post Evacuate Collection Set: 0,5ms
[2023-01-26T22:12:36.606+0100][gc,phases   ] GC(7)   Other: 8,2ms
[2023-01-26T22:12:36.606+0100][gc,heap     ] GC(7) Eden regions: 48->0(48)
[2023-01-26T22:12:36.606+0100][gc,heap     ] GC(7) Survivor regions: 3->3(7)
[2023-01-26T22:12:36.606+0100][gc,heap     ] GC(7) Old regions: 13->13
[2023-01-26T22:12:36.606+0100][gc,heap     ] GC(7) Archive regions: 2->2
[2023-01-26T22:12:36.606+0100][gc,heap     ] GC(7) Humongous regions: 129->129
[2023-01-26T22:12:36.606+0100][gc,metaspace] GC(7) Metaspace: 39026K(39488K)->39026K(39488K) NonClass: 34493K(34752K)->34493K(34752K) Class: 4532K(4736K)->4532K(4736K)
[2023-01-26T22:12:36.606+0100][gc          ] GC(7) Pause Young (Mixed) (G1 Evacuation Pause) 193M->144M(1024M) 11,407ms
[2023-01-26T22:12:36.606+0100][gc,cpu      ] GC(7) User=0,02s Sys=0,01s Real=0,00s
[2023-01-26T22:53:10.626+0100][gc,start    ] GC(8) Pause Young (Normal) (G1 Evacuation Pause)
[2023-01-26T22:53:10.626+0100][gc,task     ] GC(8) Using 8 workers of 8 for evacuation
[2023-01-26T22:53:10.628+0100][gc,phases   ] GC(8)   Pre Evacuate Collection Set: 0,1ms
[2023-01-26T22:53:10.628+0100][gc,phases   ] GC(8)   Merge Heap Roots: 0,1ms
[2023-01-26T22:53:10.628+0100][gc,phases   ] GC(8)   Evacuate Collection Set: 1,1ms
[2023-01-26T22:53:10.628+0100][gc,phases   ] GC(8)   Post Evacuate Collection Set: 0,3ms
[2023-01-26T22:53:10.628+0100][gc,phases   ] GC(8)   Other: 0,1ms
[2023-01-26T22:53:10.628+0100][gc,heap     ] GC(8) Eden regions: 48->0(63)
[2023-01-26T22:53:10.628+0100][gc,heap     ] GC(8) Survivor regions: 3->3(7)
[2023-01-26T22:53:10.628+0100][gc,heap     ] GC(8) Old regions: 13->13
[2023-01-26T22:53:10.628+0100][gc,heap     ] GC(8) Archive regions: 2->2
[2023-01-26T22:53:10.628+0100][gc,heap     ] GC(8) Humongous regions: 129->129
[2023-01-26T22:53:10.628+0100][gc,metaspace] GC(8) Metaspace: 39089K(39552K)->39089K(39552K) NonClass: 34557K(34816K)->34557K(34816K) Class: 4532K(4736K)->4532K(4736K)
[2023-01-26T22:53:10.628+0100][gc          ] GC(8) Pause Young (Normal) (G1 Evacuation Pause) 192M->144M(1024M) 1,684ms
[2023-01-26T22:53:10.628+0100][gc,cpu      ] GC(8) User=0,00s Sys=0,00s Real=0,01s
[2023-01-27T09:57:14.647+0100][gc,start    ] GC(9) Pause Young (Normal) (G1 Evacuation Pause)
[2023-01-27T09:57:14.647+0100][gc,task     ] GC(9) Using 8 workers of 8 for evacuation
[2023-01-27T09:57:14.656+0100][gc,phases   ] GC(9)   Pre Evacuate Collection Set: 0,3ms
[2023-01-27T09:57:14.656+0100][gc,phases   ] GC(9)   Merge Heap Roots: 0,1ms
[2023-01-27T09:57:14.656+0100][gc,phases   ] GC(9)   Evacuate Collection Set: 7,2ms
[2023-01-27T09:57:14.656+0100][gc,phases   ] GC(9)   Post Evacuate Collection Set: 0,9ms
[2023-01-27T09:57:14.656+0100][gc,phases   ] GC(9)   Other: 0,2ms
[2023-01-27T09:57:14.656+0100][gc,heap     ] GC(9) Eden regions: 63->0(310)
[2023-01-27T09:57:14.656+0100][gc,heap     ] GC(9) Survivor regions: 3->4(9)
[2023-01-27T09:57:14.656+0100][gc,heap     ] GC(9) Old regions: 13->13
[2023-01-27T09:57:14.656+0100][gc,heap     ] GC(9) Archive regions: 2->2
[2023-01-27T09:57:14.656+0100][gc,heap     ] GC(9) Humongous regions: 129->129
[2023-01-27T09:57:14.656+0100][gc,metaspace] GC(9) Metaspace: 40346K(40896K)->40346K(40896K) NonClass: 35525K(35840K)->35525K(35840K) Class: 4821K(5056K)->4821K(5056K)
[2023-01-27T09:57:14.656+0100][gc          ] GC(9) Pause Young (Normal) (G1 Evacuation Pause) 207M->145M(1024M) 8,761ms
[2023-01-27T09:57:14.656+0100][gc,cpu      ] GC(9) User=0,02s Sys=0,00s Real=0,01s
[2023-01-27T13:29:21.122+0100][gc,start    ] GC(10) Pause Young (Normal) (G1 Evacuation Pause)
[2023-01-27T13:29:21.122+0100][gc,task     ] GC(10) Using 8 workers of 8 for evacuation
[2023-01-27T13:29:21.126+0100][gc,phases   ] GC(10)   Pre Evacuate Collection Set: 0,1ms
[2023-01-27T13:29:21.126+0100][gc,phases   ] GC(10)   Merge Heap Roots: 0,1ms
[2023-01-27T13:29:21.126+0100][gc,phases   ] GC(10)   Evacuate Collection Set: 3,1ms
[2023-01-27T13:29:21.126+0100][gc,phases   ] GC(10)   Post Evacuate Collection Set: 0,7ms
[2023-01-27T13:29:21.126+0100][gc,phases   ] GC(10)   Other: 0,1ms
[2023-01-27T13:29:21.126+0100][gc,heap     ] GC(10) Eden regions: 310->0(142)
[2023-01-27T13:29:21.126+0100][gc,heap     ] GC(10) Survivor regions: 4->6(40)
[2023-01-27T13:29:21.126+0100][gc,heap     ] GC(10) Old regions: 13->13
[2023-01-27T13:29:21.126+0100][gc,heap     ] GC(10) Archive regions: 2->2
[2023-01-27T13:29:21.126+0100][gc,heap     ] GC(10) Humongous regions: 129->129
[2023-01-27T13:29:21.126+0100][gc,metaspace] GC(10) Metaspace: 42817K(43456K)->42817K(43456K) NonClass: 37788K(38144K)->37788K(38144K) Class: 5028K(5312K)->5028K(5312K)
[2023-01-27T13:29:21.126+0100][gc          ] GC(10) Pause Young (Normal) (G1 Evacuation Pause) 455M->148M(1024M) 4,229ms
[2023-01-27T13:29:21.126+0100][gc,cpu      ] GC(10) User=0,03s Sys=0,00s Real=0,00s
[2023-01-27T13:48:19.474+0100][gc,start    ] GC(11) Pause Young (Normal) (G1 Evacuation Pause)
[2023-01-27T13:48:19.474+0100][gc,task     ] GC(11) Using 8 workers of 8 for evacuation
[2023-01-27T13:48:19.486+0100][gc,phases   ] GC(11)   Pre Evacuate Collection Set: 0,2ms
[2023-01-27T13:48:19.486+0100][gc,phases   ] GC(11)   Merge Heap Roots: 0,1ms
[2023-01-27T13:48:19.486+0100][gc,phases   ] GC(11)   Evacuate Collection Set: 9,1ms
[2023-01-27T13:48:19.486+0100][gc,phases   ] GC(11)   Post Evacuate Collection Set: 2,3ms
[2023-01-27T13:48:19.486+0100][gc,phases   ] GC(11)   Other: 0,3ms
[2023-01-27T13:48:19.486+0100][gc,heap     ] GC(11) Eden regions: 142->0(157)
[2023-01-27T13:48:19.486+0100][gc,heap     ] GC(11) Survivor regions: 6->7(19)
[2023-01-27T13:48:19.486+0100][gc,heap     ] GC(11) Old regions: 13->13
[2023-01-27T13:48:19.486+0100][gc,heap     ] GC(11) Archive regions: 2->2
[2023-01-27T13:48:19.486+0100][gc,heap     ] GC(11) Humongous regions: 129->129
[2023-01-27T13:48:19.486+0100][gc,metaspace] GC(11) Metaspace: 42995K(43584K)->42995K(43584K) NonClass: 37927K(38272K)->37927K(38272K) Class: 5067K(5312K)->5067K(5312K)
[2023-01-27T13:48:19.486+0100][gc          ] GC(11) Pause Young (Normal) (G1 Evacuation Pause) 290M->148M(1024M) 12,133ms
[2023-01-27T13:48:19.486+0100][gc,cpu      ] GC(11) User=0,06s Sys=0,00s Real=0,01s
[2023-01-27T14:18:38.290+0100][gc,start    ] GC(12) Pause Young (Normal) (G1 Evacuation Pause)
[2023-01-27T14:18:38.290+0100][gc,task     ] GC(12) Using 8 workers of 8 for evacuation
[2023-01-27T14:18:38.294+0100][gc,phases   ] GC(12)   Pre Evacuate Collection Set: 0,1ms
[2023-01-27T14:18:38.295+0100][gc,phases   ] GC(12)   Merge Heap Roots: 0,1ms
[2023-01-27T14:18:38.295+0100][gc,phases   ] GC(12)   Evacuate Collection Set: 3,3ms
[2023-01-27T14:18:38.295+0100][gc,phases   ] GC(12)   Post Evacuate Collection Set: 0,6ms
[2023-01-27T14:18:38.295+0100][gc,phases   ] GC(12)   Other: 0,1ms
[2023-01-27T14:18:38.295+0100][gc,heap     ] GC(12) Eden regions: 157->0(240)
[2023-01-27T14:18:38.295+0100][gc,heap     ] GC(12) Survivor regions: 7->8(21)
[2023-01-27T14:18:38.295+0100][gc,heap     ] GC(12) Old regions: 13->13
[2023-01-27T14:18:38.295+0100][gc,heap     ] GC(12) Archive regions: 2->2
[2023-01-27T14:18:38.295+0100][gc,heap     ] GC(12) Humongous regions: 129->129
[2023-01-27T14:18:38.295+0100][gc,metaspace] GC(12) Metaspace: 43020K(43584K)->43020K(43584K) NonClass: 37952K(38272K)->37952K(38272K) Class: 5067K(5312K)->5067K(5312K)
[2023-01-27T14:18:38.295+0100][gc          ] GC(12) Pause Young (Normal) (G1 Evacuation Pause) 305M->150M(1024M) 4,223ms
[2023-01-27T14:18:38.295+0100][gc,cpu      ] GC(12) User=0,02s Sys=0,00s Real=0,01s
[2023-01-27T15:13:49.221+0100][gc,start    ] GC(13) Pause Young (Normal) (G1 Evacuation Pause)
[2023-01-27T15:13:49.221+0100][gc,task     ] GC(13) Using 8 workers of 8 for evacuation
[2023-01-27T15:13:49.233+0100][gc,phases   ] GC(13)   Pre Evacuate Collection Set: 0,4ms
[2023-01-27T15:13:49.233+0100][gc,phases   ] GC(13)   Merge Heap Roots: 0,3ms
[2023-01-27T15:13:49.233+0100][gc,phases   ] GC(13)   Evacuate Collection Set: 9,6ms
[2023-01-27T15:13:49.233+0100][gc,phases   ] GC(13)   Post Evacuate Collection Set: 1,4ms
[2023-01-27T15:13:49.233+0100][gc,phases   ] GC(13)   Other: 0,2ms
[2023-01-27T15:13:49.233+0100][gc,heap     ] GC(13) Eden regions: 240->0(316)
[2023-01-27T15:13:49.233+0100][gc,heap     ] GC(13) Survivor regions: 8->8(31)
[2023-01-27T15:13:49.233+0100][gc,heap     ] GC(13) Old regions: 13->13
[2023-01-27T15:13:49.233+0100][gc,heap     ] GC(13) Archive regions: 2->2
[2023-01-27T15:13:49.233+0100][gc,heap     ] GC(13) Humongous regions: 129->129
[2023-01-27T15:13:49.233+0100][gc,metaspace] GC(13) Metaspace: 43259K(43840K)->43259K(43840K) NonClass: 38190K(38528K)->38190K(38528K) Class: 5068K(5312K)->5068K(5312K)
[2023-01-27T15:13:49.233+0100][gc          ] GC(13) Pause Young (Normal) (G1 Evacuation Pause) 390M->150M(1024M) 12,030ms
[2023-01-27T15:13:49.233+0100][gc,cpu      ] GC(13) User=0,02s Sys=0,00s Real=0,01s
[2023-01-27T17:00:24.221+0100][gc,start    ] GC(14) Pause Young (Normal) (G1 Evacuation Pause)
[2023-01-27T17:00:24.221+0100][gc,task     ] GC(14) Using 8 workers of 8 for evacuation
[2023-01-27T17:00:24.225+0100][gc,phases   ] GC(14)   Pre Evacuate Collection Set: 0,1ms
[2023-01-27T17:00:24.225+0100][gc,phases   ] GC(14)   Merge Heap Roots: 0,2ms
[2023-01-27T17:00:24.225+0100][gc,phases   ] GC(14)   Evacuate Collection Set: 3,1ms
[2023-01-27T17:00:24.225+0100][gc,phases   ] GC(14)   Post Evacuate Collection Set: 0,6ms
[2023-01-27T17:00:24.225+0100][gc,phases   ] GC(14)   Other: 0,1ms
[2023-01-27T17:00:24.225+0100][gc,heap     ] GC(14) Eden regions: 316->0(606)
[2023-01-27T17:00:24.225+0100][gc,heap     ] GC(14) Survivor regions: 8->8(41)
[2023-01-27T17:00:24.225+0100][gc,heap     ] GC(14) Old regions: 13->13
[2023-01-27T17:00:24.225+0100][gc,heap     ] GC(14) Archive regions: 2->2
[2023-01-27T17:00:24.225+0100][gc,heap     ] GC(14) Humongous regions: 129->129
[2023-01-27T17:00:24.225+0100][gc,metaspace] GC(14) Metaspace: 43287K(43840K)->43287K(43840K) NonClass: 38218K(38528K)->38218K(38528K) Class: 5068K(5312K)->5068K(5312K)
[2023-01-27T17:00:24.225+0100][gc          ] GC(14) Pause Young (Normal) (G1 Evacuation Pause) 466M->149M(1024M) 4,104ms
[2023-01-27T17:00:24.225+0100][gc,cpu      ] GC(14) User=0,01s Sys=0,01s Real=0,01s
[2023-01-27T20:24:06.567+0100][gc,start    ] GC(15) Pause Young (Normal) (G1 Evacuation Pause)
[2023-01-27T20:24:06.567+0100][gc,task     ] GC(15) Using 8 workers of 8 for evacuation
[2023-01-27T20:24:06.581+0100][gc,phases   ] GC(15)   Pre Evacuate Collection Set: 0,3ms
[2023-01-27T20:24:06.581+0100][gc,phases   ] GC(15)   Merge Heap Roots: 0,4ms
[2023-01-27T20:24:06.581+0100][gc,phases   ] GC(15)   Evacuate Collection Set: 5,7ms
[2023-01-27T20:24:06.581+0100][gc,phases   ] GC(15)   Post Evacuate Collection Set: 7,5ms
[2023-01-27T20:24:06.581+0100][gc,phases   ] GC(15)   Other: 0,4ms
[2023-01-27T20:24:06.581+0100][gc,heap     ] GC(15) Eden regions: 606->0(606)
[2023-01-27T20:24:06.581+0100][gc,heap     ] GC(15) Survivor regions: 8->8(77)
[2023-01-27T20:24:06.581+0100][gc,heap     ] GC(15) Old regions: 13->13
[2023-01-27T20:24:06.581+0100][gc,heap     ] GC(15) Archive regions: 2->2
[2023-01-27T20:24:06.581+0100][gc,heap     ] GC(15) Humongous regions: 129->129
[2023-01-27T20:24:06.581+0100][gc,metaspace] GC(15) Metaspace: 43310K(43968K)->43310K(43968K) NonClass: 38241K(38592K)->38241K(38592K) Class: 5069K(5376K)->5069K(5376K)
[2023-01-27T20:24:06.581+0100][gc          ] GC(15) Pause Young (Normal) (G1 Evacuation Pause) 755M->150M(1024M) 14,434ms
[2023-01-27T20:24:06.581+0100][gc,cpu      ] GC(15) User=0,04s Sys=0,00s Real=0,02s
[2023-02-02T14:45:37.148+0100][gc,start    ] GC(16) Pause Young (Normal) (G1 Evacuation Pause)
[2023-02-02T14:45:37.148+0100][gc,task     ] GC(16) Using 8 workers of 8 for evacuation
[2023-02-02T14:45:37.165+0100][gc,phases   ] GC(16)   Pre Evacuate Collection Set: 0,3ms
[2023-02-02T14:45:37.165+0100][gc,phases   ] GC(16)   Merge Heap Roots: 0,3ms
[2023-02-02T14:45:37.165+0100][gc,phases   ] GC(16)   Evacuate Collection Set: 7,0ms
[2023-02-02T14:45:37.165+0100][gc,phases   ] GC(16)   Post Evacuate Collection Set: 9,3ms
[2023-02-02T14:45:37.165+0100][gc,phases   ] GC(16)   Other: 0,3ms
[2023-02-02T14:45:37.165+0100][gc,heap     ] GC(16) Eden regions: 606->0(513)
[2023-02-02T14:45:37.165+0100][gc,heap     ] GC(16) Survivor regions: 8->8(77)
[2023-02-02T14:45:37.165+0100][gc,heap     ] GC(16) Old regions: 13->13
[2023-02-02T14:45:37.165+0100][gc,heap     ] GC(16) Archive regions: 2->2
[2023-02-02T14:45:37.165+0100][gc,heap     ] GC(16) Humongous regions: 129->129
[2023-02-02T14:45:37.165+0100][gc,metaspace] GC(16) Metaspace: 43319K(43968K)->43319K(43968K) NonClass: 38249K(38592K)->38249K(38592K) Class: 5069K(5376K)->5069K(5376K)
[2023-02-02T14:45:37.165+0100][gc          ] GC(16) Pause Young (Normal) (G1 Evacuation Pause) 756M->149M(1024M) 17,190ms
[2023-02-02T14:45:37.165+0100][gc,cpu      ] GC(16) User=0,05s Sys=0,00s Real=0,01s
[2023-02-02T17:36:22.416+0100][gc,start    ] GC(17) Pause Young (Normal) (G1 Evacuation Pause)
[2023-02-02T17:36:22.416+0100][gc,task     ] GC(17) Using 8 workers of 8 for evacuation
[2023-02-02T17:36:22.424+0100][gc,phases   ] GC(17)   Pre Evacuate Collection Set: 0,2ms
[2023-02-02T17:36:22.424+0100][gc,phases   ] GC(17)   Merge Heap Roots: 0,3ms
[2023-02-02T17:36:22.424+0100][gc,phases   ] GC(17)   Evacuate Collection Set: 6,6ms
[2023-02-02T17:36:22.424+0100][gc,phases   ] GC(17)   Post Evacuate Collection Set: 0,9ms
[2023-02-02T17:36:22.424+0100][gc,phases   ] GC(17)   Other: 0,3ms
[2023-02-02T17:36:22.424+0100][gc,heap     ] GC(17) Eden regions: 513->0(605)
[2023-02-02T17:36:22.424+0100][gc,heap     ] GC(17) Survivor regions: 8->9(66)
[2023-02-02T17:36:22.424+0100][gc,heap     ] GC(17) Old regions: 13->13
[2023-02-02T17:36:22.424+0100][gc,heap     ] GC(17) Archive regions: 2->2
[2023-02-02T17:36:22.424+0100][gc,heap     ] GC(17) Humongous regions: 129->129
[2023-02-02T17:36:22.424+0100][gc,metaspace] GC(17) Metaspace: 43908K(44608K)->43908K(44608K) NonClass: 38719K(39104K)->38719K(39104K) Class: 5188K(5504K)->5188K(5504K)
[2023-02-02T17:36:22.424+0100][gc          ] GC(17) Pause Young (Normal) (G1 Evacuation Pause) 662M->150M(1024M) 8,362ms
[2023-02-02T17:36:22.424+0100][gc,cpu      ] GC(17) User=0,05s Sys=0,00s Real=0,01s
[2023-02-02T20:57:34.303+0100][gc,start    ] GC(18) Pause Young (Normal) (G1 Evacuation Pause)
[2023-02-02T20:57:34.303+0100][gc,task     ] GC(18) Using 8 workers of 8 for evacuation
[2023-02-02T20:57:34.320+0100][gc,phases   ] GC(18)   Pre Evacuate Collection Set: 0,3ms
[2023-02-02T20:57:34.320+0100][gc,phases   ] GC(18)   Merge Heap Roots: 0,3ms
[2023-02-02T20:57:34.320+0100][gc,phases   ] GC(18)   Evacuate Collection Set: 15,0ms
[2023-02-02T20:57:34.320+0100][gc,phases   ] GC(18)   Post Evacuate Collection Set: 1,0ms
[2023-02-02T20:57:34.320+0100][gc,phases   ] GC(18)   Other: 0,3ms
[2023-02-02T20:57:34.320+0100][gc,heap     ] GC(18) Eden regions: 605->0(354)
[2023-02-02T20:57:34.320+0100][gc,heap     ] GC(18) Survivor regions: 9->10(77)
[2023-02-02T20:57:34.320+0100][gc,heap     ] GC(18) Old regions: 13->13
[2023-02-02T20:57:34.320+0100][gc,heap     ] GC(18) Archive regions: 2->2
[2023-02-02T20:57:34.320+0100][gc,heap     ] GC(18) Humongous regions: 129->129
[2023-02-02T20:57:34.320+0100][gc,metaspace] GC(18) Metaspace: 44035K(44672K)->44035K(44672K) NonClass: 38846K(39168K)->38846K(39168K) Class: 5188K(5504K)->5188K(5504K)
[2023-02-02T20:57:34.320+0100][gc          ] GC(18) Pause Young (Normal) (G1 Evacuation Pause) 755M->151M(1024M) 16,963ms
[2023-02-02T20:57:34.320+0100][gc,cpu      ] GC(18) User=0,05s Sys=0,00s Real=0,02s
[2023-02-02T21:50:27.645+0100][gc,heap,exit] Heap
[2023-02-02T21:50:27.646+0100][gc,heap,exit]  garbage-first heap   total 1048576K, used 332462K [0x00000000c0000000, 0x0000000100000000)
[2023-02-02T21:50:27.646+0100][gc,heap,exit]   region size 1024K, 183 young (187392K), 10 survivors (10240K)
[2023-02-02T21:50:27.646+0100][gc,heap,exit]  Metaspace       used 44639K, committed 45248K, reserved 1089536K
[2023-02-02T21:50:27.646+0100][gc,heap,exit]   class space    used 5343K, committed 5632K, reserved 1048576K
