[2023-02-03T12:08:06.347+0100][gc] Using G1
[2023-02-03T12:08:06.354+0100][gc,init] Version: 17.0.5+9-LTS-191 (release)
[2023-02-03T12:08:06.354+0100][gc,init] CPUs: 8 total, 8 available
[2023-02-03T12:08:06.354+0100][gc,init] Memory: 15782M
[2023-02-03T12:08:06.354+0100][gc,init] Large Page Support: Disabled
[2023-02-03T12:08:06.354+0100][gc,init] NUMA Support: Disabled
[2023-02-03T12:08:06.354+0100][gc,init] Compressed Oops: Enabled (32-bit)
[2023-02-03T12:08:06.354+0100][gc,init] Heap Region Size: 1M
[2023-02-03T12:08:06.354+0100][gc,init] Heap Min Capacity: 1G
[2023-02-03T12:08:06.354+0100][gc,init] Heap Initial Capacity: 1G
[2023-02-03T12:08:06.354+0100][gc,init] Heap Max Capacity: 1G
[2023-02-03T12:08:06.354+0100][gc,init] Pre-touch: Disabled
[2023-02-03T12:08:06.354+0100][gc,init] Parallel Workers: 8
[2023-02-03T12:08:06.354+0100][gc,init] Concurrent Workers: 2
[2023-02-03T12:08:06.354+0100][gc,init] Concurrent Refinement Workers: 8
[2023-02-03T12:08:06.354+0100][gc,init] Periodic GC: Disabled
[2023-02-03T12:08:06.354+0100][gc,metaspace] CDS archive(s) mapped at: [0x0000000800000000-0x0000000800be3000-0x0000000800be3000), size 12464128, SharedBaseAddress: 0x0000000800000000, ArchiveRelocationMode: 0.
[2023-02-03T12:08:06.354+0100][gc,metaspace] Compressed class space mapped at: 0x0000000800c00000-0x0000000840c00000, reserved size: 1073741824
[2023-02-03T12:08:06.354+0100][gc,metaspace] Narrow klass base: 0x0000000800000000, Narrow klass shift: 0, Narrow klass range: 0x100000000
[2023-02-03T12:08:07.136+0100][gc,start    ] GC(0) Pause Young (Normal) (G1 Evacuation Pause)
[2023-02-03T12:08:07.136+0100][gc,task     ] GC(0) Using 8 workers of 8 for evacuation
[2023-02-03T12:08:07.140+0100][gc,phases   ] GC(0)   Pre Evacuate Collection Set: 0,1ms
[2023-02-03T12:08:07.140+0100][gc,phases   ] GC(0)   Merge Heap Roots: 0,0ms
[2023-02-03T12:08:07.140+0100][gc,phases   ] GC(0)   Evacuate Collection Set: 2,7ms
[2023-02-03T12:08:07.140+0100][gc,phases   ] GC(0)   Post Evacuate Collection Set: 0,5ms
[2023-02-03T12:08:07.140+0100][gc,phases   ] GC(0)   Other: 0,6ms
[2023-02-03T12:08:07.140+0100][gc,heap     ] GC(0) Eden regions: 51->0(44)
[2023-02-03T12:08:07.140+0100][gc,heap     ] GC(0) Survivor regions: 0->7(7)
[2023-02-03T12:08:07.140+0100][gc,heap     ] GC(0) Old regions: 0->1
[2023-02-03T12:08:07.140+0100][gc,heap     ] GC(0) Archive regions: 2->2
[2023-02-03T12:08:07.140+0100][gc,heap     ] GC(0) Humongous regions: 0->0
[2023-02-03T12:08:07.140+0100][gc,metaspace] GC(0) Metaspace: 18872K(19072K)->18872K(19072K) NonClass: 16582K(16704K)->16582K(16704K) Class: 2290K(2368K)->2290K(2368K)
[2023-02-03T12:08:07.140+0100][gc          ] GC(0) Pause Young (Normal) (G1 Evacuation Pause) 51M->8M(1024M) 4,047ms
[2023-02-03T12:08:07.140+0100][gc,cpu      ] GC(0) User=0,01s Sys=0,00s Real=0,01s
[2023-02-03T12:08:07.253+0100][gc,start    ] GC(1) Pause Young (Concurrent Start) (Metadata GC Threshold)
[2023-02-03T12:08:07.253+0100][gc,task     ] GC(1) Using 8 workers of 8 for evacuation
[2023-02-03T12:08:07.256+0100][gc,phases   ] GC(1)   Pre Evacuate Collection Set: 0,1ms
[2023-02-03T12:08:07.256+0100][gc,phases   ] GC(1)   Merge Heap Roots: 0,0ms
[2023-02-03T12:08:07.256+0100][gc,phases   ] GC(1)   Evacuate Collection Set: 2,8ms
[2023-02-03T12:08:07.256+0100][gc,phases   ] GC(1)   Post Evacuate Collection Set: 0,3ms
[2023-02-03T12:08:07.256+0100][gc,phases   ] GC(1)   Other: 0,1ms
[2023-02-03T12:08:07.256+0100][gc,heap     ] GC(1) Eden regions: 10->0(50)
[2023-02-03T12:08:07.256+0100][gc,heap     ] GC(1) Survivor regions: 7->1(7)
[2023-02-03T12:08:07.256+0100][gc,heap     ] GC(1) Old regions: 1->8
[2023-02-03T12:08:07.256+0100][gc,heap     ] GC(1) Archive regions: 2->2
[2023-02-03T12:08:07.256+0100][gc,heap     ] GC(1) Humongous regions: 0->0
[2023-02-03T12:08:07.256+0100][gc,metaspace] GC(1) Metaspace: 21314K(21504K)->21314K(21504K) NonClass: 18717K(18816K)->18717K(18816K) Class: 2597K(2688K)->2597K(2688K)
[2023-02-03T12:08:07.256+0100][gc          ] GC(1) Pause Young (Concurrent Start) (Metadata GC Threshold) 18M->8M(1024M) 3,367ms
[2023-02-03T12:08:07.256+0100][gc,cpu      ] GC(1) User=0,02s Sys=0,00s Real=0,00s
[2023-02-03T12:08:07.256+0100][gc          ] GC(2) Concurrent Mark Cycle
[2023-02-03T12:08:07.256+0100][gc,marking  ] GC(2) Concurrent Clear Claimed Marks
[2023-02-03T12:08:07.256+0100][gc,marking  ] GC(2) Concurrent Clear Claimed Marks 0,016ms
[2023-02-03T12:08:07.256+0100][gc,marking  ] GC(2) Concurrent Scan Root Regions
[2023-02-03T12:08:07.259+0100][gc,marking  ] GC(2) Concurrent Scan Root Regions 2,773ms
[2023-02-03T12:08:07.259+0100][gc,marking  ] GC(2) Concurrent Mark
[2023-02-03T12:08:07.259+0100][gc,marking  ] GC(2) Concurrent Mark From Roots
[2023-02-03T12:08:07.259+0100][gc,task     ] GC(2) Using 2 workers of 2 for marking
[2023-02-03T12:08:07.260+0100][gc,marking  ] GC(2) Concurrent Mark From Roots 1,024ms
[2023-02-03T12:08:07.260+0100][gc,marking  ] GC(2) Concurrent Preclean
[2023-02-03T12:08:07.260+0100][gc,marking  ] GC(2) Concurrent Preclean 0,028ms
[2023-02-03T12:08:07.260+0100][gc,start    ] GC(2) Pause Remark
[2023-02-03T12:08:07.261+0100][gc          ] GC(2) Pause Remark 9M->9M(1024M) 0,949ms
[2023-02-03T12:08:07.261+0100][gc,cpu      ] GC(2) User=0,00s Sys=0,00s Real=0,00s
[2023-02-03T12:08:07.261+0100][gc,marking  ] GC(2) Concurrent Mark 2,200ms
[2023-02-03T12:08:07.261+0100][gc,marking  ] GC(2) Concurrent Rebuild Remembered Sets
[2023-02-03T12:08:07.263+0100][gc,marking  ] GC(2) Concurrent Rebuild Remembered Sets 1,775ms
[2023-02-03T12:08:07.263+0100][gc,start    ] GC(2) Pause Cleanup
[2023-02-03T12:08:07.264+0100][gc          ] GC(2) Pause Cleanup 9M->9M(1024M) 0,157ms
[2023-02-03T12:08:07.264+0100][gc,cpu      ] GC(2) User=0,00s Sys=0,00s Real=0,00s
[2023-02-03T12:08:07.264+0100][gc,marking  ] GC(2) Concurrent Cleanup for Next Mark
[2023-02-03T12:08:07.267+0100][gc,marking  ] GC(2) Concurrent Cleanup for Next Mark 3,738ms
[2023-02-03T12:08:07.267+0100][gc          ] GC(2) Concurrent Mark Cycle 10,982ms
[2023-02-03T12:08:07.884+0100][gc,start    ] GC(3) Pause Young (Normal) (GCLocker Initiated GC)
[2023-02-03T12:08:07.884+0100][gc,task     ] GC(3) Using 8 workers of 8 for evacuation
[2023-02-03T12:08:07.888+0100][gc,phases   ] GC(3)   Pre Evacuate Collection Set: 0,1ms
[2023-02-03T12:08:07.888+0100][gc,phases   ] GC(3)   Merge Heap Roots: 0,1ms
[2023-02-03T12:08:07.888+0100][gc,phases   ] GC(3)   Evacuate Collection Set: 2,6ms
[2023-02-03T12:08:07.888+0100][gc,phases   ] GC(3)   Post Evacuate Collection Set: 0,3ms
[2023-02-03T12:08:07.888+0100][gc,phases   ] GC(3)   Other: 0,1ms
[2023-02-03T12:08:07.888+0100][gc,heap     ] GC(3) Eden regions: 50->0(45)
[2023-02-03T12:08:07.888+0100][gc,heap     ] GC(3) Survivor regions: 1->6(7)
[2023-02-03T12:08:07.888+0100][gc,heap     ] GC(3) Old regions: 8->8
[2023-02-03T12:08:07.888+0100][gc,heap     ] GC(3) Archive regions: 2->2
[2023-02-03T12:08:07.888+0100][gc,heap     ] GC(3) Humongous regions: 129->129
[2023-02-03T12:08:07.888+0100][gc,metaspace] GC(3) Metaspace: 31659K(31936K)->31659K(31936K) NonClass: 28067K(28224K)->28067K(28224K) Class: 3591K(3712K)->3591K(3712K)
[2023-02-03T12:08:07.888+0100][gc          ] GC(3) Pause Young (Normal) (GCLocker Initiated GC) 187M->142M(1024M) 3,202ms
[2023-02-03T12:08:07.888+0100][gc,cpu      ] GC(3) User=0,02s Sys=0,00s Real=0,01s
[2023-02-03T12:08:08.087+0100][gc,start    ] GC(4) Pause Young (Concurrent Start) (Metadata GC Threshold)
[2023-02-03T12:08:08.087+0100][gc,task     ] GC(4) Using 8 workers of 8 for evacuation
[2023-02-03T12:08:08.094+0100][gc,phases   ] GC(4)   Pre Evacuate Collection Set: 0,3ms
[2023-02-03T12:08:08.094+0100][gc,phases   ] GC(4)   Merge Heap Roots: 0,1ms
[2023-02-03T12:08:08.094+0100][gc,phases   ] GC(4)   Evacuate Collection Set: 5,8ms
[2023-02-03T12:08:08.094+0100][gc,phases   ] GC(4)   Post Evacuate Collection Set: 0,5ms
[2023-02-03T12:08:08.094+0100][gc,phases   ] GC(4)   Other: 0,3ms
[2023-02-03T12:08:08.094+0100][gc,heap     ] GC(4) Eden regions: 20->0(49)
[2023-02-03T12:08:08.094+0100][gc,heap     ] GC(4) Survivor regions: 6->2(7)
[2023-02-03T12:08:08.094+0100][gc,heap     ] GC(4) Old regions: 8->13
[2023-02-03T12:08:08.094+0100][gc,heap     ] GC(4) Archive regions: 2->2
[2023-02-03T12:08:08.094+0100][gc,heap     ] GC(4) Humongous regions: 129->129
[2023-02-03T12:08:08.094+0100][gc,metaspace] GC(4) Metaspace: 35960K(36288K)->35960K(36288K) NonClass: 31828K(32000K)->31828K(32000K) Class: 4131K(4288K)->4131K(4288K)
[2023-02-03T12:08:08.094+0100][gc          ] GC(4) Pause Young (Concurrent Start) (Metadata GC Threshold) 162M->144M(1024M) 7,096ms
[2023-02-03T12:08:08.094+0100][gc,cpu      ] GC(4) User=0,03s Sys=0,00s Real=0,00s
[2023-02-03T12:08:08.094+0100][gc          ] GC(5) Concurrent Mark Cycle
[2023-02-03T12:08:08.094+0100][gc,marking  ] GC(5) Concurrent Clear Claimed Marks
[2023-02-03T12:08:08.094+0100][gc,marking  ] GC(5) Concurrent Clear Claimed Marks 0,040ms
[2023-02-03T12:08:08.094+0100][gc,marking  ] GC(5) Concurrent Scan Root Regions
[2023-02-03T12:08:08.098+0100][gc,marking  ] GC(5) Concurrent Scan Root Regions 4,047ms
[2023-02-03T12:08:08.098+0100][gc,marking  ] GC(5) Concurrent Mark
[2023-02-03T12:08:08.098+0100][gc,marking  ] GC(5) Concurrent Mark From Roots
[2023-02-03T12:08:08.098+0100][gc,task     ] GC(5) Using 2 workers of 2 for marking
[2023-02-03T12:08:08.112+0100][gc,marking  ] GC(5) Concurrent Mark From Roots 13,973ms
[2023-02-03T12:08:08.112+0100][gc,marking  ] GC(5) Concurrent Preclean
[2023-02-03T12:08:08.112+0100][gc,marking  ] GC(5) Concurrent Preclean 0,108ms
[2023-02-03T12:08:08.112+0100][gc,start    ] GC(5) Pause Remark
[2023-02-03T12:08:08.116+0100][gc          ] GC(5) Pause Remark 145M->145M(1024M) 3,072ms
[2023-02-03T12:08:08.116+0100][gc,cpu      ] GC(5) User=0,02s Sys=0,00s Real=0,00s
[2023-02-03T12:08:08.116+0100][gc,marking  ] GC(5) Concurrent Mark 17,517ms
[2023-02-03T12:08:08.116+0100][gc,marking  ] GC(5) Concurrent Rebuild Remembered Sets
[2023-02-03T12:08:08.122+0100][gc,marking  ] GC(5) Concurrent Rebuild Remembered Sets 6,587ms
[2023-02-03T12:08:08.122+0100][gc,start    ] GC(5) Pause Cleanup
[2023-02-03T12:08:08.123+0100][gc          ] GC(5) Pause Cleanup 146M->146M(1024M) 0,137ms
[2023-02-03T12:08:08.123+0100][gc,cpu      ] GC(5) User=0,00s Sys=0,00s Real=0,00s
[2023-02-03T12:08:08.123+0100][gc,marking  ] GC(5) Concurrent Cleanup for Next Mark
[2023-02-03T12:08:08.128+0100][gc,marking  ] GC(5) Concurrent Cleanup for Next Mark 4,929ms
[2023-02-03T12:08:08.128+0100][gc          ] GC(5) Concurrent Mark Cycle 33,633ms
[2023-02-03T12:15:37.662+0100][gc,start    ] GC(6) Pause Young (Concurrent Start) (G1 Evacuation Pause)
[2023-02-03T12:15:37.670+0100][gc,task     ] GC(6) Using 8 workers of 8 for evacuation
[2023-02-03T12:15:37.678+0100][gc,phases   ] GC(6)   Pre Evacuate Collection Set: 0,5ms
[2023-02-03T12:15:37.678+0100][gc,phases   ] GC(6)   Merge Heap Roots: 0,2ms
[2023-02-03T12:15:37.678+0100][gc,phases   ] GC(6)   Evacuate Collection Set: 6,4ms
[2023-02-03T12:15:37.678+0100][gc,phases   ] GC(6)   Post Evacuate Collection Set: 0,7ms
[2023-02-03T12:15:37.678+0100][gc,phases   ] GC(6)   Other: 8,6ms
[2023-02-03T12:15:37.678+0100][gc,heap     ] GC(6) Eden regions: 49->0(46)
[2023-02-03T12:15:37.678+0100][gc,heap     ] GC(6) Survivor regions: 2->5(7)
[2023-02-03T12:15:37.678+0100][gc,heap     ] GC(6) Old regions: 13->13
[2023-02-03T12:15:37.678+0100][gc,heap     ] GC(6) Archive regions: 2->2
[2023-02-03T12:15:37.678+0100][gc,heap     ] GC(6) Humongous regions: 153->129
[2023-02-03T12:15:37.678+0100][gc,metaspace] GC(6) Metaspace: 41571K(42176K)->41571K(42176K) NonClass: 36516K(36864K)->36516K(36864K) Class: 5054K(5312K)->5054K(5312K)
[2023-02-03T12:15:37.678+0100][gc          ] GC(6) Pause Young (Concurrent Start) (G1 Evacuation Pause) 217M->146M(1024M) 16,256ms
[2023-02-03T12:15:37.678+0100][gc,cpu      ] GC(6) User=0,05s Sys=0,00s Real=0,01s
[2023-02-03T12:15:37.678+0100][gc          ] GC(7) Concurrent Mark Cycle
[2023-02-03T12:15:37.678+0100][gc,marking  ] GC(7) Concurrent Clear Claimed Marks
[2023-02-03T12:15:37.678+0100][gc,marking  ] GC(7) Concurrent Clear Claimed Marks 0,094ms
[2023-02-03T12:15:37.678+0100][gc,marking  ] GC(7) Concurrent Scan Root Regions
[2023-02-03T12:15:37.680+0100][gc,marking  ] GC(7) Concurrent Scan Root Regions 1,557ms
[2023-02-03T12:15:37.680+0100][gc,marking  ] GC(7) Concurrent Mark
[2023-02-03T12:15:37.680+0100][gc,marking  ] GC(7) Concurrent Mark From Roots
[2023-02-03T12:15:37.680+0100][gc,task     ] GC(7) Using 2 workers of 2 for marking
[2023-02-03T12:15:37.691+0100][gc,marking  ] GC(7) Concurrent Mark From Roots 11,018ms
[2023-02-03T12:15:37.691+0100][gc,marking  ] GC(7) Concurrent Preclean
[2023-02-03T12:15:37.691+0100][gc,marking  ] GC(7) Concurrent Preclean 0,076ms
[2023-02-03T12:15:37.691+0100][gc,start    ] GC(7) Pause Remark
[2023-02-03T12:15:37.692+0100][gc          ] GC(7) Pause Remark 146M->146M(1024M) 1,447ms
[2023-02-03T12:15:37.692+0100][gc,cpu      ] GC(7) User=0,01s Sys=0,00s Real=0,00s
[2023-02-03T12:15:37.692+0100][gc,marking  ] GC(7) Concurrent Mark 12,686ms
[2023-02-03T12:15:37.692+0100][gc,marking  ] GC(7) Concurrent Rebuild Remembered Sets
[2023-02-03T12:15:37.697+0100][gc,marking  ] GC(7) Concurrent Rebuild Remembered Sets 5,125ms
[2023-02-03T12:15:37.697+0100][gc,start    ] GC(7) Pause Cleanup
[2023-02-03T12:15:37.698+0100][gc          ] GC(7) Pause Cleanup 146M->146M(1024M) 0,084ms
[2023-02-03T12:15:37.698+0100][gc,cpu      ] GC(7) User=0,00s Sys=0,00s Real=0,00s
[2023-02-03T12:15:37.698+0100][gc,marking  ] GC(7) Concurrent Cleanup for Next Mark
[2023-02-03T12:15:37.698+0100][gc,marking  ] GC(7) Concurrent Cleanup for Next Mark 0,907ms
[2023-02-03T12:15:37.699+0100][gc          ] GC(7) Concurrent Mark Cycle 20,662ms
[2023-02-03T12:49:38.323+0100][gc,start    ] GC(8) Pause Young (Normal) (G1 Evacuation Pause)
[2023-02-03T12:49:38.324+0100][gc,task     ] GC(8) Using 8 workers of 8 for evacuation
[2023-02-03T12:49:38.330+0100][gc,phases   ] GC(8)   Pre Evacuate Collection Set: 0,2ms
[2023-02-03T12:49:38.330+0100][gc,phases   ] GC(8)   Merge Heap Roots: 0,2ms
[2023-02-03T12:49:38.330+0100][gc,phases   ] GC(8)   Evacuate Collection Set: 5,8ms
[2023-02-03T12:49:38.330+0100][gc,phases   ] GC(8)   Post Evacuate Collection Set: 0,3ms
[2023-02-03T12:49:38.330+0100][gc,phases   ] GC(8)   Other: 0,2ms
[2023-02-03T12:49:38.330+0100][gc,heap     ] GC(8) Eden regions: 46->0(48)
[2023-02-03T12:49:38.330+0100][gc,heap     ] GC(8) Survivor regions: 5->3(7)
[2023-02-03T12:49:38.330+0100][gc,heap     ] GC(8) Old regions: 13->14
[2023-02-03T12:49:38.330+0100][gc,heap     ] GC(8) Archive regions: 2->2
[2023-02-03T12:49:38.330+0100][gc,heap     ] GC(8) Humongous regions: 129->129
[2023-02-03T12:49:38.330+0100][gc,metaspace] GC(8) Metaspace: 41886K(42496K)->41886K(42496K) NonClass: 36814K(37120K)->36814K(37120K) Class: 5071K(5376K)->5071K(5376K)
[2023-02-03T12:49:38.330+0100][gc          ] GC(8) Pause Young (Normal) (G1 Evacuation Pause) 192M->146M(1024M) 6,667ms
[2023-02-03T12:49:38.330+0100][gc,cpu      ] GC(8) User=0,04s Sys=0,00s Real=0,01s
[2023-02-03T13:26:28.324+0100][gc,start    ] GC(9) Pause Young (Normal) (G1 Evacuation Pause)
[2023-02-03T13:26:28.324+0100][gc,task     ] GC(9) Using 8 workers of 8 for evacuation
[2023-02-03T13:26:28.330+0100][gc,phases   ] GC(9)   Pre Evacuate Collection Set: 0,3ms
[2023-02-03T13:26:28.330+0100][gc,phases   ] GC(9)   Merge Heap Roots: 0,1ms
[2023-02-03T13:26:28.330+0100][gc,phases   ] GC(9)   Evacuate Collection Set: 4,7ms
[2023-02-03T13:26:28.330+0100][gc,phases   ] GC(9)   Post Evacuate Collection Set: 0,7ms
[2023-02-03T13:26:28.330+0100][gc,phases   ] GC(9)   Other: 0,2ms
[2023-02-03T13:26:28.330+0100][gc,heap     ] GC(9) Eden regions: 48->0(48)
[2023-02-03T13:26:28.330+0100][gc,heap     ] GC(9) Survivor regions: 3->3(7)
[2023-02-03T13:26:28.330+0100][gc,heap     ] GC(9) Old regions: 14->14
[2023-02-03T13:26:28.330+0100][gc,heap     ] GC(9) Archive regions: 2->2
[2023-02-03T13:26:28.330+0100][gc,heap     ] GC(9) Humongous regions: 129->129
[2023-02-03T13:26:28.330+0100][gc,metaspace] GC(9) Metaspace: 42004K(42688K)->42004K(42688K) NonClass: 36928K(37312K)->36928K(37312K) Class: 5075K(5376K)->5075K(5376K)
[2023-02-03T13:26:28.330+0100][gc          ] GC(9) Pause Young (Normal) (G1 Evacuation Pause) 194M->146M(1024M) 6,039ms
[2023-02-03T13:26:28.330+0100][gc,cpu      ] GC(9) User=0,03s Sys=0,00s Real=0,01s
[2023-02-03T14:03:18.323+0100][gc,start    ] GC(10) Pause Young (Normal) (G1 Evacuation Pause)
[2023-02-03T14:03:18.323+0100][gc,task     ] GC(10) Using 8 workers of 8 for evacuation
[2023-02-03T14:03:18.326+0100][gc,phases   ] GC(10)   Pre Evacuate Collection Set: 0,1ms
[2023-02-03T14:03:18.326+0100][gc,phases   ] GC(10)   Merge Heap Roots: 0,0ms
[2023-02-03T14:03:18.326+0100][gc,phases   ] GC(10)   Evacuate Collection Set: 2,2ms
[2023-02-03T14:03:18.326+0100][gc,phases   ] GC(10)   Post Evacuate Collection Set: 0,4ms
[2023-02-03T14:03:18.326+0100][gc,phases   ] GC(10)   Other: 0,1ms
[2023-02-03T14:03:18.326+0100][gc,heap     ] GC(10) Eden regions: 48->0(81)
[2023-02-03T14:03:18.326+0100][gc,heap     ] GC(10) Survivor regions: 3->3(7)
[2023-02-03T14:03:18.326+0100][gc,heap     ] GC(10) Old regions: 14->14
[2023-02-03T14:03:18.326+0100][gc,heap     ] GC(10) Archive regions: 2->2
[2023-02-03T14:03:18.326+0100][gc,heap     ] GC(10) Humongous regions: 129->129
[2023-02-03T14:03:18.326+0100][gc,metaspace] GC(10) Metaspace: 42027K(42688K)->42027K(42688K) NonClass: 36950K(37312K)->36950K(37312K) Class: 5076K(5376K)->5076K(5376K)
[2023-02-03T14:03:18.326+0100][gc          ] GC(10) Pause Young (Normal) (G1 Evacuation Pause) 194M->146M(1024M) 2,863ms
[2023-02-03T14:03:18.326+0100][gc,cpu      ] GC(10) User=0,00s Sys=0,00s Real=0,00s
[2023-02-03T14:29:51.232+0100][gc,start    ] GC(11) Pause Young (Normal) (G1 Evacuation Pause)
[2023-02-03T14:29:51.232+0100][gc,task     ] GC(11) Using 8 workers of 8 for evacuation
[2023-02-03T14:29:51.236+0100][gc,phases   ] GC(11)   Pre Evacuate Collection Set: 0,2ms
[2023-02-03T14:29:51.236+0100][gc,phases   ] GC(11)   Merge Heap Roots: 0,1ms
[2023-02-03T14:29:51.236+0100][gc,phases   ] GC(11)   Evacuate Collection Set: 2,8ms
[2023-02-03T14:29:51.236+0100][gc,phases   ] GC(11)   Post Evacuate Collection Set: 0,4ms
[2023-02-03T14:29:51.236+0100][gc,phases   ] GC(11)   Other: 0,2ms
[2023-02-03T14:29:51.236+0100][gc,heap     ] GC(11) Eden regions: 81->0(283)
[2023-02-03T14:29:51.236+0100][gc,heap     ] GC(11) Survivor regions: 3->5(11)
[2023-02-03T14:29:51.236+0100][gc,heap     ] GC(11) Old regions: 14->14
[2023-02-03T14:29:51.236+0100][gc,heap     ] GC(11) Archive regions: 2->2
[2023-02-03T14:29:51.236+0100][gc,heap     ] GC(11) Humongous regions: 129->129
[2023-02-03T14:29:51.236+0100][gc,metaspace] GC(11) Metaspace: 42548K(43200K)->42548K(43200K) NonClass: 37456K(37824K)->37456K(37824K) Class: 5091K(5376K)->5091K(5376K)
[2023-02-03T14:29:51.236+0100][gc          ] GC(11) Pause Young (Normal) (G1 Evacuation Pause) 227M->148M(1024M) 3,666ms
[2023-02-03T14:29:51.236+0100][gc,cpu      ] GC(11) User=0,02s Sys=0,00s Real=0,00s
[2023-02-03T16:19:53.324+0100][gc,start    ] GC(12) Pause Young (Normal) (G1 Evacuation Pause)
[2023-02-03T16:19:53.332+0100][gc,task     ] GC(12) Using 8 workers of 8 for evacuation
[2023-02-03T16:19:53.340+0100][gc,phases   ] GC(12)   Pre Evacuate Collection Set: 0,3ms
[2023-02-03T16:19:53.340+0100][gc,phases   ] GC(12)   Merge Heap Roots: 0,2ms
[2023-02-03T16:19:53.340+0100][gc,phases   ] GC(12)   Evacuate Collection Set: 6,6ms
[2023-02-03T16:19:53.340+0100][gc,phases   ] GC(12)   Post Evacuate Collection Set: 0,8ms
[2023-02-03T16:19:53.340+0100][gc,phases   ] GC(12)   Other: 8,5ms
[2023-02-03T16:19:53.340+0100][gc,heap     ] GC(12) Eden regions: 283->0(106)
[2023-02-03T16:19:53.340+0100][gc,heap     ] GC(12) Survivor regions: 5->6(36)
[2023-02-03T16:19:53.340+0100][gc,heap     ] GC(12) Old regions: 14->14
[2023-02-03T16:19:53.340+0100][gc,heap     ] GC(12) Archive regions: 2->2
[2023-02-03T16:19:53.340+0100][gc,heap     ] GC(12) Humongous regions: 129->129
[2023-02-03T16:19:53.340+0100][gc,metaspace] GC(12) Metaspace: 43205K(43904K)->43205K(43904K) NonClass: 37989K(38400K)->37989K(38400K) Class: 5216K(5504K)->5216K(5504K)
[2023-02-03T16:19:53.340+0100][gc          ] GC(12) Pause Young (Normal) (G1 Evacuation Pause) 431M->148M(1024M) 16,426ms
[2023-02-03T16:19:53.340+0100][gc,cpu      ] GC(12) User=0,05s Sys=0,01s Real=0,02s
[2023-02-03T16:51:28.323+0100][gc,start    ] GC(13) Pause Young (Normal) (G1 Evacuation Pause)
[2023-02-03T16:51:28.323+0100][gc,task     ] GC(13) Using 8 workers of 8 for evacuation
[2023-02-03T16:51:28.328+0100][gc,phases   ] GC(13)   Pre Evacuate Collection Set: 0,2ms
[2023-02-03T16:51:28.328+0100][gc,phases   ] GC(13)   Merge Heap Roots: 0,1ms
[2023-02-03T16:51:28.328+0100][gc,phases   ] GC(13)   Evacuate Collection Set: 3,7ms
[2023-02-03T16:51:28.328+0100][gc,phases   ] GC(13)   Post Evacuate Collection Set: 0,7ms
[2023-02-03T16:51:28.328+0100][gc,phases   ] GC(13)   Other: 0,1ms
[2023-02-03T16:51:28.328+0100][gc,heap     ] GC(13) Eden regions: 106->0(173)
[2023-02-03T16:51:28.328+0100][gc,heap     ] GC(13) Survivor regions: 6->5(14)
[2023-02-03T16:51:28.328+0100][gc,heap     ] GC(13) Old regions: 14->14
[2023-02-03T16:51:28.328+0100][gc,heap     ] GC(13) Archive regions: 2->2
[2023-02-03T16:51:28.328+0100][gc,heap     ] GC(13) Humongous regions: 129->129
[2023-02-03T16:51:28.328+0100][gc,metaspace] GC(13) Metaspace: 43259K(43904K)->43259K(43904K) NonClass: 38042K(38400K)->38042K(38400K) Class: 5217K(5504K)->5217K(5504K)
[2023-02-03T16:51:28.328+0100][gc          ] GC(13) Pause Young (Normal) (G1 Evacuation Pause) 254M->148M(1024M) 4,914ms
[2023-02-03T16:51:28.328+0100][gc,cpu      ] GC(13) User=0,03s Sys=0,00s Real=0,01s
[2023-02-03T18:59:30.866+0100][gc,start    ] GC(14) Pause Young (Normal) (G1 Evacuation Pause)
[2023-02-03T18:59:30.866+0100][gc,task     ] GC(14) Using 8 workers of 8 for evacuation
[2023-02-03T18:59:30.876+0100][gc,phases   ] GC(14)   Pre Evacuate Collection Set: 0,3ms
[2023-02-03T18:59:30.876+0100][gc,phases   ] GC(14)   Merge Heap Roots: 0,2ms
[2023-02-03T18:59:30.876+0100][gc,phases   ] GC(14)   Evacuate Collection Set: 8,6ms
[2023-02-03T18:59:30.876+0100][gc,phases   ] GC(14)   Post Evacuate Collection Set: 1,2ms
[2023-02-03T18:59:30.876+0100][gc,phases   ] GC(14)   Other: 0,4ms
[2023-02-03T18:59:30.876+0100][gc,heap     ] GC(14) Eden regions: 173->0(216)
[2023-02-03T18:59:30.876+0100][gc,heap     ] GC(14) Survivor regions: 5->5(23)
[2023-02-03T18:59:30.876+0100][gc,heap     ] GC(14) Old regions: 14->14
[2023-02-03T18:59:30.876+0100][gc,heap     ] GC(14) Archive regions: 2->2
[2023-02-03T18:59:30.876+0100][gc,heap     ] GC(14) Humongous regions: 129->129
[2023-02-03T18:59:30.876+0100][gc,metaspace] GC(14) Metaspace: 43298K(43968K)->43298K(43968K) NonClass: 38081K(38464K)->38081K(38464K) Class: 5217K(5504K)->5217K(5504K)
[2023-02-03T18:59:30.876+0100][gc          ] GC(14) Pause Young (Normal) (G1 Evacuation Pause) 321M->148M(1024M) 10,871ms
[2023-02-03T18:59:30.876+0100][gc,cpu      ] GC(14) User=0,07s Sys=0,00s Real=0,01s
[2023-02-03T19:57:39.139+0100][gc,start    ] GC(15) Pause Young (Normal) (G1 Evacuation Pause)
[2023-02-03T19:57:39.139+0100][gc,task     ] GC(15) Using 8 workers of 8 for evacuation
[2023-02-03T19:57:39.150+0100][gc,phases   ] GC(15)   Pre Evacuate Collection Set: 0,2ms
[2023-02-03T19:57:39.150+0100][gc,phases   ] GC(15)   Merge Heap Roots: 0,3ms
[2023-02-03T19:57:39.150+0100][gc,phases   ] GC(15)   Evacuate Collection Set: 8,8ms
[2023-02-03T19:57:39.150+0100][gc,phases   ] GC(15)   Post Evacuate Collection Set: 1,5ms
[2023-02-03T19:57:39.150+0100][gc,phases   ] GC(15)   Other: 0,3ms
[2023-02-03T19:57:39.150+0100][gc,heap     ] GC(15) Eden regions: 216->0(238)
[2023-02-03T19:57:39.150+0100][gc,heap     ] GC(15) Survivor regions: 5->6(28)
[2023-02-03T19:57:39.150+0100][gc,heap     ] GC(15) Old regions: 14->14
[2023-02-03T19:57:39.150+0100][gc,heap     ] GC(15) Archive regions: 2->2
[2023-02-03T19:57:39.150+0100][gc,heap     ] GC(15) Humongous regions: 129->129
[2023-02-03T19:57:39.150+0100][gc,metaspace] GC(15) Metaspace: 43404K(44096K)->43404K(44096K) NonClass: 38182K(38592K)->38182K(38592K) Class: 5222K(5504K)->5222K(5504K)
[2023-02-03T19:57:39.150+0100][gc          ] GC(15) Pause Young (Normal) (G1 Evacuation Pause) 364M->148M(1024M) 11,206ms
[2023-02-03T19:57:39.150+0100][gc,cpu      ] GC(15) User=0,07s Sys=0,01s Real=0,01s
[2023-02-03T22:58:27.759+0100][gc,start    ] GC(16) Pause Young (Normal) (G1 Evacuation Pause)
[2023-02-03T22:58:27.759+0100][gc,task     ] GC(16) Using 8 workers of 8 for evacuation
[2023-02-03T22:58:27.767+0100][gc,phases   ] GC(16)   Pre Evacuate Collection Set: 0,3ms
[2023-02-03T22:58:27.767+0100][gc,phases   ] GC(16)   Merge Heap Roots: 0,2ms
[2023-02-03T22:58:27.767+0100][gc,phases   ] GC(16)   Evacuate Collection Set: 6,3ms
[2023-02-03T22:58:27.767+0100][gc,phases   ] GC(16)   Post Evacuate Collection Set: 1,1ms
[2023-02-03T22:58:27.767+0100][gc,phases   ] GC(16)   Other: 0,4ms
[2023-02-03T22:58:27.767+0100][gc,heap     ] GC(16) Eden regions: 238->0(345)
[2023-02-03T22:58:27.767+0100][gc,heap     ] GC(16) Survivor regions: 6->6(31)
[2023-02-03T22:58:27.767+0100][gc,heap     ] GC(16) Old regions: 14->14
[2023-02-03T22:58:27.767+0100][gc,heap     ] GC(16) Archive regions: 2->2
[2023-02-03T22:58:27.767+0100][gc,heap     ] GC(16) Humongous regions: 129->129
[2023-02-03T22:58:27.767+0100][gc,metaspace] GC(16) Metaspace: 43452K(44096K)->43452K(44096K) NonClass: 38228K(38592K)->38228K(38592K) Class: 5223K(5504K)->5223K(5504K)
[2023-02-03T22:58:27.767+0100][gc          ] GC(16) Pause Young (Normal) (G1 Evacuation Pause) 386M->148M(1024M) 8,236ms
[2023-02-03T22:58:27.767+0100][gc,cpu      ] GC(16) User=0,04s Sys=0,01s Real=0,01s
[2023-02-04T03:25:11.364+0100][gc,start    ] GC(17) Pause Young (Normal) (G1 Evacuation Pause)
[2023-02-04T03:25:11.364+0100][gc,task     ] GC(17) Using 8 workers of 8 for evacuation
[2023-02-04T03:25:11.371+0100][gc,phases   ] GC(17)   Pre Evacuate Collection Set: 0,3ms
[2023-02-04T03:25:11.371+0100][gc,phases   ] GC(17)   Merge Heap Roots: 0,3ms
[2023-02-04T03:25:11.371+0100][gc,phases   ] GC(17)   Evacuate Collection Set: 5,7ms
[2023-02-04T03:25:11.371+0100][gc,phases   ] GC(17)   Post Evacuate Collection Set: 0,6ms
[2023-02-04T03:25:11.371+0100][gc,phases   ] GC(17)   Other: 0,3ms
[2023-02-04T03:25:11.371+0100][gc,heap     ] GC(17) Eden regions: 345->0(609)
[2023-02-04T03:25:11.371+0100][gc,heap     ] GC(17) Survivor regions: 6->5(44)
[2023-02-04T03:25:11.371+0100][gc,heap     ] GC(17) Old regions: 14->14
[2023-02-04T03:25:11.371+0100][gc,heap     ] GC(17) Archive regions: 2->2
[2023-02-04T03:25:11.371+0100][gc,heap     ] GC(17) Humongous regions: 129->129
[2023-02-04T03:25:11.371+0100][gc,metaspace] GC(17) Metaspace: 43467K(44160K)->43467K(44160K) NonClass: 38243K(38656K)->38243K(38656K) Class: 5223K(5504K)->5223K(5504K)
[2023-02-04T03:25:11.371+0100][gc          ] GC(17) Pause Young (Normal) (G1 Evacuation Pause) 493M->148M(1024M) 7,212ms
[2023-02-04T03:25:11.371+0100][gc,cpu      ] GC(17) User=0,04s Sys=0,00s Real=0,01s
[2023-02-04T11:17:11.074+0100][gc,start    ] GC(18) Pause Young (Normal) (G1 Evacuation Pause)
[2023-02-04T11:17:11.074+0100][gc,task     ] GC(18) Using 8 workers of 8 for evacuation
[2023-02-04T11:17:11.082+0100][gc,phases   ] GC(18)   Pre Evacuate Collection Set: 0,4ms
[2023-02-04T11:17:11.082+0100][gc,phases   ] GC(18)   Merge Heap Roots: 0,3ms
[2023-02-04T11:17:11.082+0100][gc,phases   ] GC(18)   Evacuate Collection Set: 5,8ms
[2023-02-04T11:17:11.082+0100][gc,phases   ] GC(18)   Post Evacuate Collection Set: 0,9ms
[2023-02-04T11:17:11.082+0100][gc,phases   ] GC(18)   Other: 0,6ms
[2023-02-04T11:17:11.082+0100][gc,heap     ] GC(18) Eden regions: 609->0(609)
[2023-02-04T11:17:11.082+0100][gc,heap     ] GC(18) Survivor regions: 5->5(77)
[2023-02-04T11:17:11.082+0100][gc,heap     ] GC(18) Old regions: 14->14
[2023-02-04T11:17:11.082+0100][gc,heap     ] GC(18) Archive regions: 2->2
[2023-02-04T11:17:11.082+0100][gc,heap     ] GC(18) Humongous regions: 129->129
[2023-02-04T11:17:11.082+0100][gc,metaspace] GC(18) Metaspace: 43571K(44224K)->43571K(44224K) NonClass: 38347K(38720K)->38347K(38720K) Class: 5223K(5504K)->5223K(5504K)
[2023-02-04T11:17:11.082+0100][gc          ] GC(18) Pause Young (Normal) (G1 Evacuation Pause) 757M->148M(1024M) 7,960ms
[2023-02-04T11:17:11.082+0100][gc,cpu      ] GC(18) User=0,04s Sys=0,00s Real=0,01s
[2023-02-04T19:09:52.576+0100][gc,start    ] GC(19) Pause Young (Normal) (G1 Evacuation Pause)
[2023-02-04T19:09:52.584+0100][gc,task     ] GC(19) Using 8 workers of 8 for evacuation
[2023-02-04T19:09:52.592+0100][gc,phases   ] GC(19)   Pre Evacuate Collection Set: 0,3ms
[2023-02-04T19:09:52.592+0100][gc,phases   ] GC(19)   Merge Heap Roots: 0,3ms
[2023-02-04T19:09:52.592+0100][gc,phases   ] GC(19)   Evacuate Collection Set: 6,1ms
[2023-02-04T19:09:52.592+0100][gc,phases   ] GC(19)   Post Evacuate Collection Set: 1,0ms
[2023-02-04T19:09:52.592+0100][gc,phases   ] GC(19)   Other: 8,5ms
[2023-02-04T19:09:52.592+0100][gc,heap     ] GC(19) Eden regions: 609->0(608)
[2023-02-04T19:09:52.592+0100][gc,heap     ] GC(19) Survivor regions: 5->6(77)
[2023-02-04T19:09:52.592+0100][gc,heap     ] GC(19) Old regions: 14->14
[2023-02-04T19:09:52.592+0100][gc,heap     ] GC(19) Archive regions: 2->2
[2023-02-04T19:09:52.592+0100][gc,heap     ] GC(19) Humongous regions: 129->129
[2023-02-04T19:09:52.592+0100][gc,metaspace] GC(19) Metaspace: 43636K(44288K)->43636K(44288K) NonClass: 38412K(38784K)->38412K(38784K) Class: 5223K(5504K)->5223K(5504K)
[2023-02-04T19:09:52.592+0100][gc          ] GC(19) Pause Young (Normal) (G1 Evacuation Pause) 757M->148M(1024M) 16,171ms
[2023-02-04T19:09:52.592+0100][gc,cpu      ] GC(19) User=0,04s Sys=0,01s Real=0,02s
[2023-02-04T22:55:26.954+0100][gc,heap,exit] Heap
[2023-02-04T22:55:26.954+0100][gc,heap,exit]  garbage-first heap   total 1048576K, used 464133K [0x00000000c0000000, 0x0000000100000000)
[2023-02-04T22:55:26.954+0100][gc,heap,exit]   region size 1024K, 311 young (318464K), 6 survivors (6144K)
[2023-02-04T22:55:26.954+0100][gc,heap,exit]  Metaspace       used 44205K, committed 44800K, reserved 1089536K
[2023-02-04T22:55:26.954+0100][gc,heap,exit]   class space    used 5369K, committed 5632K, reserved 1048576K
