[2023-01-26T09:31:29.225+0100][gc] Using G1
[2023-01-26T09:31:29.234+0100][gc,init] Version: 17.0.5+9-LTS-191 (release)
[2023-01-26T09:31:29.234+0100][gc,init] CPUs: 8 total, 8 available
[2023-01-26T09:31:29.234+0100][gc,init] Memory: 15782M
[2023-01-26T09:31:29.234+0100][gc,init] Large Page Support: Disabled
[2023-01-26T09:31:29.234+0100][gc,init] NUMA Support: Disabled
[2023-01-26T09:31:29.234+0100][gc,init] Compressed Oops: Enabled (32-bit)
[2023-01-26T09:31:29.234+0100][gc,init] Heap Region Size: 1M
[2023-01-26T09:31:29.234+0100][gc,init] Heap Min Capacity: 1G
[2023-01-26T09:31:29.234+0100][gc,init] Heap Initial Capacity: 1G
[2023-01-26T09:31:29.234+0100][gc,init] Heap Max Capacity: 1G
[2023-01-26T09:31:29.234+0100][gc,init] Pre-touch: Disabled
[2023-01-26T09:31:29.234+0100][gc,init] Parallel Workers: 8
[2023-01-26T09:31:29.234+0100][gc,init] Concurrent Workers: 2
[2023-01-26T09:31:29.234+0100][gc,init] Concurrent Refinement Workers: 8
[2023-01-26T09:31:29.234+0100][gc,init] Periodic GC: Disabled
[2023-01-26T09:31:29.234+0100][gc,metaspace] CDS archive(s) mapped at: [0x0000000800000000-0x0000000800be3000-0x0000000800be3000), size 12464128, SharedBaseAddress: 0x0000000800000000, ArchiveRelocationMode: 0.
[2023-01-26T09:31:29.235+0100][gc,metaspace] Compressed class space mapped at: 0x0000000800c00000-0x0000000840c00000, reserved size: 1073741824
[2023-01-26T09:31:29.235+0100][gc,metaspace] Narrow klass base: 0x0000000800000000, Narrow klass shift: 0, Narrow klass range: 0x100000000
[2023-01-26T09:31:30.001+0100][gc,start    ] GC(0) Pause Young (Normal) (G1 Evacuation Pause)
[2023-01-26T09:31:30.001+0100][gc,task     ] GC(0) Using 8 workers of 8 for evacuation
[2023-01-26T09:31:30.005+0100][gc,phases   ] GC(0)   Pre Evacuate Collection Set: 0,1ms
[2023-01-26T09:31:30.005+0100][gc,phases   ] GC(0)   Merge Heap Roots: 0,1ms
[2023-01-26T09:31:30.005+0100][gc,phases   ] GC(0)   Evacuate Collection Set: 2,8ms
[2023-01-26T09:31:30.005+0100][gc,phases   ] GC(0)   Post Evacuate Collection Set: 0,5ms
[2023-01-26T09:31:30.005+0100][gc,phases   ] GC(0)   Other: 0,7ms
[2023-01-26T09:31:30.005+0100][gc,heap     ] GC(0) Eden regions: 51->0(44)
[2023-01-26T09:31:30.005+0100][gc,heap     ] GC(0) Survivor regions: 0->7(7)
[2023-01-26T09:31:30.005+0100][gc,heap     ] GC(0) Old regions: 0->1
[2023-01-26T09:31:30.005+0100][gc,heap     ] GC(0) Archive regions: 2->2
[2023-01-26T09:31:30.005+0100][gc,heap     ] GC(0) Humongous regions: 0->0
[2023-01-26T09:31:30.005+0100][gc,metaspace] GC(0) Metaspace: 18911K(19072K)->18911K(19072K) NonClass: 16621K(16704K)->16621K(16704K) Class: 2290K(2368K)->2290K(2368K)
[2023-01-26T09:31:30.005+0100][gc          ] GC(0) Pause Young (Normal) (G1 Evacuation Pause) 51M->8M(1024M) 4,150ms
[2023-01-26T09:31:30.005+0100][gc,cpu      ] GC(0) User=0,02s Sys=0,00s Real=0,01s
[2023-01-26T09:31:30.138+0100][gc,start    ] GC(1) Pause Young (Concurrent Start) (Metadata GC Threshold)
[2023-01-26T09:31:30.138+0100][gc,task     ] GC(1) Using 8 workers of 8 for evacuation
[2023-01-26T09:31:30.141+0100][gc,phases   ] GC(1)   Pre Evacuate Collection Set: 0,1ms
[2023-01-26T09:31:30.141+0100][gc,phases   ] GC(1)   Merge Heap Roots: 0,0ms
[2023-01-26T09:31:30.141+0100][gc,phases   ] GC(1)   Evacuate Collection Set: 2,3ms
[2023-01-26T09:31:30.141+0100][gc,phases   ] GC(1)   Post Evacuate Collection Set: 0,4ms
[2023-01-26T09:31:30.141+0100][gc,phases   ] GC(1)   Other: 0,2ms
[2023-01-26T09:31:30.141+0100][gc,heap     ] GC(1) Eden regions: 11->0(49)
[2023-01-26T09:31:30.141+0100][gc,heap     ] GC(1) Survivor regions: 7->2(7)
[2023-01-26T09:31:30.141+0100][gc,heap     ] GC(1) Old regions: 1->8
[2023-01-26T09:31:30.141+0100][gc,heap     ] GC(1) Archive regions: 2->2
[2023-01-26T09:31:30.141+0100][gc,heap     ] GC(1) Humongous regions: 129->129
[2023-01-26T09:31:30.141+0100][gc,metaspace] GC(1) Metaspace: 21272K(21504K)->21272K(21504K) NonClass: 18694K(18816K)->18694K(18816K) Class: 2577K(2688K)->2577K(2688K)
[2023-01-26T09:31:30.141+0100][gc          ] GC(1) Pause Young (Concurrent Start) (Metadata GC Threshold) 148M->138M(1024M) 3,082ms
[2023-01-26T09:31:30.141+0100][gc,cpu      ] GC(1) User=0,02s Sys=0,00s Real=0,00s
[2023-01-26T09:31:30.141+0100][gc          ] GC(2) Concurrent Mark Cycle
[2023-01-26T09:31:30.141+0100][gc,marking  ] GC(2) Concurrent Clear Claimed Marks
[2023-01-26T09:31:30.141+0100][gc,marking  ] GC(2) Concurrent Clear Claimed Marks 0,014ms
[2023-01-26T09:31:30.141+0100][gc,marking  ] GC(2) Concurrent Scan Root Regions
[2023-01-26T09:31:30.143+0100][gc,marking  ] GC(2) Concurrent Scan Root Regions 1,985ms
[2023-01-26T09:31:30.143+0100][gc,marking  ] GC(2) Concurrent Mark
[2023-01-26T09:31:30.143+0100][gc,marking  ] GC(2) Concurrent Mark From Roots
[2023-01-26T09:31:30.143+0100][gc,task     ] GC(2) Using 2 workers of 2 for marking
[2023-01-26T09:31:30.144+0100][gc,marking  ] GC(2) Concurrent Mark From Roots 1,358ms
[2023-01-26T09:31:30.144+0100][gc,marking  ] GC(2) Concurrent Preclean
[2023-01-26T09:31:30.144+0100][gc,marking  ] GC(2) Concurrent Preclean 0,028ms
[2023-01-26T09:31:30.145+0100][gc,start    ] GC(2) Pause Remark
[2023-01-26T09:31:30.146+0100][gc          ] GC(2) Pause Remark 139M->139M(1024M) 0,929ms
[2023-01-26T09:31:30.146+0100][gc,cpu      ] GC(2) User=0,00s Sys=0,00s Real=0,00s
[2023-01-26T09:31:30.146+0100][gc,marking  ] GC(2) Concurrent Mark 2,552ms
[2023-01-26T09:31:30.146+0100][gc,marking  ] GC(2) Concurrent Rebuild Remembered Sets
[2023-01-26T09:31:30.147+0100][gc,marking  ] GC(2) Concurrent Rebuild Remembered Sets 1,917ms
[2023-01-26T09:31:30.148+0100][gc,start    ] GC(2) Pause Cleanup
[2023-01-26T09:31:30.148+0100][gc          ] GC(2) Pause Cleanup 139M->139M(1024M) 0,123ms
[2023-01-26T09:31:30.148+0100][gc,cpu      ] GC(2) User=0,00s Sys=0,00s Real=0,00s
[2023-01-26T09:31:30.148+0100][gc,marking  ] GC(2) Concurrent Cleanup for Next Mark
[2023-01-26T09:31:30.151+0100][gc,marking  ] GC(2) Concurrent Cleanup for Next Mark 2,713ms
[2023-01-26T09:31:30.151+0100][gc          ] GC(2) Concurrent Mark Cycle 9,756ms
[2023-01-26T09:31:30.493+0100][gc,heap,exit] Heap
[2023-01-26T09:31:30.493+0100][gc,heap,exit]  garbage-first heap   total 1048576K, used 170000K [0x00000000c0000000, 0x0000000100000000)
[2023-01-26T09:31:30.493+0100][gc,heap,exit]   region size 1024K, 30 young (30720K), 2 survivors (2048K)
[2023-01-26T09:31:30.493+0100][gc,heap,exit]  Metaspace       used 27137K, committed 27392K, reserved 1081344K
[2023-01-26T09:31:30.493+0100][gc,heap,exit]   class space    used 3142K, committed 3264K, reserved 1048576K
