[2023-02-03T09:19:29.559+0100][gc] Using G1
[2023-02-03T09:19:29.566+0100][gc,init] Version: 17.0.5+9-LTS-191 (release)
[2023-02-03T09:19:29.566+0100][gc,init] CPUs: 8 total, 8 available
[2023-02-03T09:19:29.566+0100][gc,init] Memory: 15782M
[2023-02-03T09:19:29.566+0100][gc,init] Large Page Support: Disabled
[2023-02-03T09:19:29.566+0100][gc,init] NUMA Support: Disabled
[2023-02-03T09:19:29.566+0100][gc,init] Compressed Oops: Enabled (32-bit)
[2023-02-03T09:19:29.566+0100][gc,init] Heap Region Size: 1M
[2023-02-03T09:19:29.566+0100][gc,init] Heap Min Capacity: 1G
[2023-02-03T09:19:29.566+0100][gc,init] Heap Initial Capacity: 1G
[2023-02-03T09:19:29.566+0100][gc,init] Heap Max Capacity: 1G
[2023-02-03T09:19:29.566+0100][gc,init] Pre-touch: Disabled
[2023-02-03T09:19:29.566+0100][gc,init] Parallel Workers: 8
[2023-02-03T09:19:29.566+0100][gc,init] Concurrent Workers: 2
[2023-02-03T09:19:29.566+0100][gc,init] Concurrent Refinement Workers: 8
[2023-02-03T09:19:29.566+0100][gc,init] Periodic GC: Disabled
[2023-02-03T09:19:29.566+0100][gc,metaspace] CDS archive(s) mapped at: [0x0000000800000000-0x0000000800be3000-0x0000000800be3000), size 12464128, SharedBaseAddress: 0x0000000800000000, ArchiveRelocationMode: 0.
[2023-02-03T09:19:29.566+0100][gc,metaspace] Compressed class space mapped at: 0x0000000800c00000-0x0000000840c00000, reserved size: 1073741824
[2023-02-03T09:19:29.566+0100][gc,metaspace] Narrow klass base: 0x0000000800000000, Narrow klass shift: 0, Narrow klass range: 0x100000000
[2023-02-03T09:19:30.379+0100][gc,start    ] GC(0) Pause Young (Normal) (G1 Evacuation Pause)
[2023-02-03T09:19:30.380+0100][gc,task     ] GC(0) Using 8 workers of 8 for evacuation
[2023-02-03T09:19:30.383+0100][gc,phases   ] GC(0)   Pre Evacuate Collection Set: 0,1ms
[2023-02-03T09:19:30.383+0100][gc,phases   ] GC(0)   Merge Heap Roots: 0,0ms
[2023-02-03T09:19:30.383+0100][gc,phases   ] GC(0)   Evacuate Collection Set: 2,3ms
[2023-02-03T09:19:30.383+0100][gc,phases   ] GC(0)   Post Evacuate Collection Set: 0,8ms
[2023-02-03T09:19:30.383+0100][gc,phases   ] GC(0)   Other: 0,8ms
[2023-02-03T09:19:30.383+0100][gc,heap     ] GC(0) Eden regions: 51->0(44)
[2023-02-03T09:19:30.383+0100][gc,heap     ] GC(0) Survivor regions: 0->7(7)
[2023-02-03T09:19:30.383+0100][gc,heap     ] GC(0) Old regions: 0->1
[2023-02-03T09:19:30.383+0100][gc,heap     ] GC(0) Archive regions: 2->2
[2023-02-03T09:19:30.383+0100][gc,heap     ] GC(0) Humongous regions: 0->0
[2023-02-03T09:19:30.383+0100][gc,metaspace] GC(0) Metaspace: 18864K(19072K)->18864K(19072K) NonClass: 16579K(16704K)->16579K(16704K) Class: 2284K(2368K)->2284K(2368K)
[2023-02-03T09:19:30.383+0100][gc          ] GC(0) Pause Young (Normal) (G1 Evacuation Pause) 51M->8M(1024M) 4,065ms
[2023-02-03T09:19:30.383+0100][gc,cpu      ] GC(0) User=0,02s Sys=0,00s Real=0,00s
[2023-02-03T09:19:30.525+0100][gc,start    ] GC(1) Pause Young (Concurrent Start) (Metadata GC Threshold)
[2023-02-03T09:19:30.525+0100][gc,task     ] GC(1) Using 8 workers of 8 for evacuation
[2023-02-03T09:19:30.528+0100][gc,phases   ] GC(1)   Pre Evacuate Collection Set: 0,1ms
[2023-02-03T09:19:30.528+0100][gc,phases   ] GC(1)   Merge Heap Roots: 0,0ms
[2023-02-03T09:19:30.528+0100][gc,phases   ] GC(1)   Evacuate Collection Set: 2,5ms
[2023-02-03T09:19:30.528+0100][gc,phases   ] GC(1)   Post Evacuate Collection Set: 0,3ms
[2023-02-03T09:19:30.528+0100][gc,phases   ] GC(1)   Other: 0,1ms
[2023-02-03T09:19:30.528+0100][gc,heap     ] GC(1) Eden regions: 10->0(49)
[2023-02-03T09:19:30.528+0100][gc,heap     ] GC(1) Survivor regions: 7->2(7)
[2023-02-03T09:19:30.528+0100][gc,heap     ] GC(1) Old regions: 1->8
[2023-02-03T09:19:30.528+0100][gc,heap     ] GC(1) Archive regions: 2->2
[2023-02-03T09:19:30.528+0100][gc,heap     ] GC(1) Humongous regions: 0->0
[2023-02-03T09:19:30.528+0100][gc,metaspace] GC(1) Metaspace: 21316K(21504K)->21316K(21504K) NonClass: 18718K(18816K)->18718K(18816K) Class: 2598K(2688K)->2598K(2688K)
[2023-02-03T09:19:30.528+0100][gc          ] GC(1) Pause Young (Concurrent Start) (Metadata GC Threshold) 17M->9M(1024M) 3,147ms
[2023-02-03T09:19:30.528+0100][gc,cpu      ] GC(1) User=0,02s Sys=0,00s Real=0,01s
[2023-02-03T09:19:30.528+0100][gc          ] GC(2) Concurrent Mark Cycle
[2023-02-03T09:19:30.528+0100][gc,marking  ] GC(2) Concurrent Clear Claimed Marks
[2023-02-03T09:19:30.528+0100][gc,marking  ] GC(2) Concurrent Clear Claimed Marks 0,012ms
[2023-02-03T09:19:30.528+0100][gc,marking  ] GC(2) Concurrent Scan Root Regions
[2023-02-03T09:19:30.530+0100][gc,marking  ] GC(2) Concurrent Scan Root Regions 1,687ms
[2023-02-03T09:19:30.530+0100][gc,marking  ] GC(2) Concurrent Mark
[2023-02-03T09:19:30.530+0100][gc,marking  ] GC(2) Concurrent Mark From Roots
[2023-02-03T09:19:30.530+0100][gc,task     ] GC(2) Using 2 workers of 2 for marking
[2023-02-03T09:19:30.531+0100][gc,marking  ] GC(2) Concurrent Mark From Roots 0,979ms
[2023-02-03T09:19:30.531+0100][gc,marking  ] GC(2) Concurrent Preclean
[2023-02-03T09:19:30.531+0100][gc,marking  ] GC(2) Concurrent Preclean 0,028ms
[2023-02-03T09:19:30.531+0100][gc,start    ] GC(2) Pause Remark
[2023-02-03T09:19:30.532+0100][gc          ] GC(2) Pause Remark 9M->9M(1024M) 0,964ms
[2023-02-03T09:19:30.532+0100][gc,cpu      ] GC(2) User=0,01s Sys=0,00s Real=0,00s
[2023-02-03T09:19:30.532+0100][gc,marking  ] GC(2) Concurrent Mark 2,052ms
[2023-02-03T09:19:30.532+0100][gc,marking  ] GC(2) Concurrent Rebuild Remembered Sets
[2023-02-03T09:19:30.534+0100][gc,marking  ] GC(2) Concurrent Rebuild Remembered Sets 1,704ms
[2023-02-03T09:19:30.534+0100][gc,start    ] GC(2) Pause Cleanup
[2023-02-03T09:19:30.534+0100][gc          ] GC(2) Pause Cleanup 9M->9M(1024M) 0,110ms
[2023-02-03T09:19:30.534+0100][gc,cpu      ] GC(2) User=0,00s Sys=0,00s Real=0,00s
[2023-02-03T09:19:30.534+0100][gc,marking  ] GC(2) Concurrent Cleanup for Next Mark
[2023-02-03T09:19:30.536+0100][gc,marking  ] GC(2) Concurrent Cleanup for Next Mark 2,419ms
[2023-02-03T09:19:30.536+0100][gc          ] GC(2) Concurrent Mark Cycle 8,210ms
[2023-02-03T09:19:31.638+0100][gc,start    ] GC(3) Pause Young (Normal) (G1 Evacuation Pause)
[2023-02-03T09:19:31.638+0100][gc,task     ] GC(3) Using 8 workers of 8 for evacuation
[2023-02-03T09:19:31.641+0100][gc,phases   ] GC(3)   Pre Evacuate Collection Set: 0,1ms
[2023-02-03T09:19:31.642+0100][gc,phases   ] GC(3)   Merge Heap Roots: 0,0ms
[2023-02-03T09:19:31.642+0100][gc,phases   ] GC(3)   Evacuate Collection Set: 3,0ms
[2023-02-03T09:19:31.642+0100][gc,phases   ] GC(3)   Post Evacuate Collection Set: 0,5ms
[2023-02-03T09:19:31.642+0100][gc,phases   ] GC(3)   Other: 0,1ms
[2023-02-03T09:19:31.642+0100][gc,heap     ] GC(3) Eden regions: 49->0(45)
[2023-02-03T09:19:31.642+0100][gc,heap     ] GC(3) Survivor regions: 2->6(7)
[2023-02-03T09:19:31.642+0100][gc,heap     ] GC(3) Old regions: 8->8
[2023-02-03T09:19:31.642+0100][gc,heap     ] GC(3) Archive regions: 2->2
[2023-02-03T09:19:31.642+0100][gc,heap     ] GC(3) Humongous regions: 129->129
[2023-02-03T09:19:31.642+0100][gc,metaspace] GC(3) Metaspace: 30780K(31104K)->30780K(31104K) NonClass: 27245K(27456K)->27245K(27456K) Class: 3534K(3648K)->3534K(3648K)
[2023-02-03T09:19:31.642+0100][gc          ] GC(3) Pause Young (Normal) (G1 Evacuation Pause) 187M->142M(1024M) 3,788ms
[2023-02-03T09:19:31.642+0100][gc,cpu      ] GC(3) User=0,02s Sys=0,00s Real=0,01s
[2023-02-03T09:19:31.855+0100][gc,start    ] GC(4) Pause Young (Concurrent Start) (Metadata GC Threshold)
[2023-02-03T09:19:31.855+0100][gc,task     ] GC(4) Using 8 workers of 8 for evacuation
[2023-02-03T09:19:31.860+0100][gc,phases   ] GC(4)   Pre Evacuate Collection Set: 0,3ms
[2023-02-03T09:19:31.860+0100][gc,phases   ] GC(4)   Merge Heap Roots: 0,1ms
[2023-02-03T09:19:31.860+0100][gc,phases   ] GC(4)   Evacuate Collection Set: 4,7ms
[2023-02-03T09:19:31.860+0100][gc,phases   ] GC(4)   Post Evacuate Collection Set: 0,5ms
[2023-02-03T09:19:31.861+0100][gc,phases   ] GC(4)   Other: 0,3ms
[2023-02-03T09:19:31.861+0100][gc,heap     ] GC(4) Eden regions: 21->0(49)
[2023-02-03T09:19:31.861+0100][gc,heap     ] GC(4) Survivor regions: 6->2(7)
[2023-02-03T09:19:31.861+0100][gc,heap     ] GC(4) Old regions: 8->13
[2023-02-03T09:19:31.861+0100][gc,heap     ] GC(4) Archive regions: 2->2
[2023-02-03T09:19:31.861+0100][gc,heap     ] GC(4) Humongous regions: 129->129
[2023-02-03T09:19:31.861+0100][gc,metaspace] GC(4) Metaspace: 35775K(36096K)->35775K(36096K) NonClass: 31694K(31872K)->31694K(31872K) Class: 4081K(4224K)->4081K(4224K)
[2023-02-03T09:19:31.861+0100][gc          ] GC(4) Pause Young (Concurrent Start) (Metadata GC Threshold) 163M->143M(1024M) 5,877ms
[2023-02-03T09:19:31.861+0100][gc,cpu      ] GC(4) User=0,02s Sys=0,00s Real=0,01s
[2023-02-03T09:19:31.861+0100][gc          ] GC(5) Concurrent Mark Cycle
[2023-02-03T09:19:31.861+0100][gc,marking  ] GC(5) Concurrent Clear Claimed Marks
[2023-02-03T09:19:31.861+0100][gc,marking  ] GC(5) Concurrent Clear Claimed Marks 0,035ms
[2023-02-03T09:19:31.861+0100][gc,marking  ] GC(5) Concurrent Scan Root Regions
[2023-02-03T09:19:31.864+0100][gc,marking  ] GC(5) Concurrent Scan Root Regions 2,805ms
[2023-02-03T09:19:31.864+0100][gc,marking  ] GC(5) Concurrent Mark
[2023-02-03T09:19:31.864+0100][gc,marking  ] GC(5) Concurrent Mark From Roots
[2023-02-03T09:19:31.864+0100][gc,task     ] GC(5) Using 2 workers of 2 for marking
[2023-02-03T09:19:31.872+0100][gc,marking  ] GC(5) Concurrent Mark From Roots 8,082ms
[2023-02-03T09:19:31.872+0100][gc,marking  ] GC(5) Concurrent Preclean
[2023-02-03T09:19:31.872+0100][gc,marking  ] GC(5) Concurrent Preclean 0,099ms
[2023-02-03T09:19:31.872+0100][gc,start    ] GC(5) Pause Remark
[2023-02-03T09:19:31.873+0100][gc          ] GC(5) Pause Remark 144M->144M(1024M) 1,233ms
[2023-02-03T09:19:31.873+0100][gc,cpu      ] GC(5) User=0,01s Sys=0,00s Real=0,00s
[2023-02-03T09:19:31.873+0100][gc,marking  ] GC(5) Concurrent Mark 9,559ms
[2023-02-03T09:19:31.873+0100][gc,marking  ] GC(5) Concurrent Rebuild Remembered Sets
[2023-02-03T09:19:31.877+0100][gc,marking  ] GC(5) Concurrent Rebuild Remembered Sets 4,319ms
[2023-02-03T09:19:31.878+0100][gc,start    ] GC(5) Pause Cleanup
[2023-02-03T09:19:31.878+0100][gc          ] GC(5) Pause Cleanup 145M->145M(1024M) 0,115ms
[2023-02-03T09:19:31.878+0100][gc,cpu      ] GC(5) User=0,00s Sys=0,00s Real=0,00s
[2023-02-03T09:19:31.878+0100][gc,marking  ] GC(5) Concurrent Cleanup for Next Mark
[2023-02-03T09:19:31.885+0100][gc,marking  ] GC(5) Concurrent Cleanup for Next Mark 6,989ms
[2023-02-03T09:19:31.885+0100][gc          ] GC(5) Concurrent Mark Cycle 24,061ms
[2023-02-03T09:29:37.046+0100][gc,start    ] GC(6) Pause Young (Normal) (G1 Evacuation Pause)
[2023-02-03T09:29:37.046+0100][gc,task     ] GC(6) Using 8 workers of 8 for evacuation
[2023-02-03T09:29:37.052+0100][gc,phases   ] GC(6)   Pre Evacuate Collection Set: 0,2ms
[2023-02-03T09:29:37.052+0100][gc,phases   ] GC(6)   Merge Heap Roots: 0,1ms
[2023-02-03T09:29:37.052+0100][gc,phases   ] GC(6)   Evacuate Collection Set: 4,0ms
[2023-02-03T09:29:37.052+0100][gc,phases   ] GC(6)   Post Evacuate Collection Set: 1,3ms
[2023-02-03T09:29:37.052+0100][gc,phases   ] GC(6)   Other: 0,1ms
[2023-02-03T09:29:37.052+0100][gc,heap     ] GC(6) Eden regions: 49->0(46)
[2023-02-03T09:29:37.052+0100][gc,heap     ] GC(6) Survivor regions: 2->5(7)
[2023-02-03T09:29:37.052+0100][gc,heap     ] GC(6) Old regions: 13->13
[2023-02-03T09:29:37.052+0100][gc,heap     ] GC(6) Archive regions: 2->2
[2023-02-03T09:29:37.052+0100][gc,heap     ] GC(6) Humongous regions: 153->129
[2023-02-03T09:29:37.052+0100][gc,metaspace] GC(6) Metaspace: 41067K(41728K)->41067K(41728K) NonClass: 36133K(36544K)->36133K(36544K) Class: 4934K(5184K)->4934K(5184K)
[2023-02-03T09:29:37.052+0100][gc          ] GC(6) Pause Young (Normal) (G1 Evacuation Pause) 216M->146M(1024M) 5,763ms
[2023-02-03T09:29:37.052+0100][gc,cpu      ] GC(6) User=0,02s Sys=0,00s Real=0,01s
[2023-02-03T09:29:38.301+0100][gc,heap,exit] Heap
[2023-02-03T09:29:38.302+0100][gc,heap,exit]  garbage-first heap   total 1048576K, used 160691K [0x00000000c0000000, 0x0000000100000000)
[2023-02-03T09:29:38.302+0100][gc,heap,exit]   region size 1024K, 16 young (16384K), 5 survivors (5120K)
[2023-02-03T09:29:38.302+0100][gc,heap,exit]  Metaspace       used 41671K, committed 42368K, reserved 1089536K
[2023-02-03T09:29:38.302+0100][gc,heap,exit]   class space    used 5082K, committed 5376K, reserved 1048576K
