[2023-01-26T09:36:35.396+0100][gc] Using G1
[2023-01-26T09:36:35.403+0100][gc,init] Version: 17.0.5+9-LTS-191 (release)
[2023-01-26T09:36:35.403+0100][gc,init] CPUs: 8 total, 8 available
[2023-01-26T09:36:35.403+0100][gc,init] Memory: 15782M
[2023-01-26T09:36:35.403+0100][gc,init] Large Page Support: Disabled
[2023-01-26T09:36:35.403+0100][gc,init] NUMA Support: Disabled
[2023-01-26T09:36:35.403+0100][gc,init] Compressed Oops: Enabled (32-bit)
[2023-01-26T09:36:35.403+0100][gc,init] Heap Region Size: 1M
[2023-01-26T09:36:35.403+0100][gc,init] Heap Min Capacity: 1G
[2023-01-26T09:36:35.403+0100][gc,init] Heap Initial Capacity: 1G
[2023-01-26T09:36:35.403+0100][gc,init] Heap Max Capacity: 1G
[2023-01-26T09:36:35.403+0100][gc,init] Pre-touch: Disabled
[2023-01-26T09:36:35.403+0100][gc,init] Parallel Workers: 8
[2023-01-26T09:36:35.403+0100][gc,init] Concurrent Workers: 2
[2023-01-26T09:36:35.403+0100][gc,init] Concurrent Refinement Workers: 8
[2023-01-26T09:36:35.403+0100][gc,init] Periodic GC: Disabled
[2023-01-26T09:36:35.403+0100][gc,metaspace] CDS archive(s) mapped at: [0x0000000800000000-0x0000000800be3000-0x0000000800be3000), size 12464128, SharedBaseAddress: 0x0000000800000000, ArchiveRelocationMode: 0.
[2023-01-26T09:36:35.403+0100][gc,metaspace] Compressed class space mapped at: 0x0000000800c00000-0x0000000840c00000, reserved size: 1073741824
[2023-01-26T09:36:35.403+0100][gc,metaspace] Narrow klass base: 0x0000000800000000, Narrow klass shift: 0, Narrow klass range: 0x100000000
[2023-01-26T09:36:36.150+0100][gc,start    ] GC(0) Pause Young (Normal) (G1 Evacuation Pause)
[2023-01-26T09:36:36.150+0100][gc,task     ] GC(0) Using 8 workers of 8 for evacuation
[2023-01-26T09:36:36.155+0100][gc,phases   ] GC(0)   Pre Evacuate Collection Set: 0,1ms
[2023-01-26T09:36:36.155+0100][gc,phases   ] GC(0)   Merge Heap Roots: 0,1ms
[2023-01-26T09:36:36.155+0100][gc,phases   ] GC(0)   Evacuate Collection Set: 3,2ms
[2023-01-26T09:36:36.155+0100][gc,phases   ] GC(0)   Post Evacuate Collection Set: 0,8ms
[2023-01-26T09:36:36.155+0100][gc,phases   ] GC(0)   Other: 0,8ms
[2023-01-26T09:36:36.155+0100][gc,heap     ] GC(0) Eden regions: 51->0(44)
[2023-01-26T09:36:36.155+0100][gc,heap     ] GC(0) Survivor regions: 0->7(7)
[2023-01-26T09:36:36.155+0100][gc,heap     ] GC(0) Old regions: 0->1
[2023-01-26T09:36:36.155+0100][gc,heap     ] GC(0) Archive regions: 2->2
[2023-01-26T09:36:36.155+0100][gc,heap     ] GC(0) Humongous regions: 0->0
[2023-01-26T09:36:36.155+0100][gc,metaspace] GC(0) Metaspace: 18635K(18752K)->18635K(18752K) NonClass: 16394K(16448K)->16394K(16448K) Class: 2240K(2304K)->2240K(2304K)
[2023-01-26T09:36:36.155+0100][gc          ] GC(0) Pause Young (Normal) (G1 Evacuation Pause) 51M->8M(1024M) 4,994ms
[2023-01-26T09:36:36.155+0100][gc,cpu      ] GC(0) User=0,02s Sys=0,01s Real=0,00s
[2023-01-26T09:36:36.312+0100][gc,start    ] GC(1) Pause Young (Concurrent Start) (Metadata GC Threshold)
[2023-01-26T09:36:36.312+0100][gc,task     ] GC(1) Using 8 workers of 8 for evacuation
[2023-01-26T09:36:36.315+0100][gc,phases   ] GC(1)   Pre Evacuate Collection Set: 0,1ms
[2023-01-26T09:36:36.315+0100][gc,phases   ] GC(1)   Merge Heap Roots: 0,0ms
[2023-01-26T09:36:36.315+0100][gc,phases   ] GC(1)   Evacuate Collection Set: 2,7ms
[2023-01-26T09:36:36.315+0100][gc,phases   ] GC(1)   Post Evacuate Collection Set: 0,3ms
[2023-01-26T09:36:36.315+0100][gc,phases   ] GC(1)   Other: 0,1ms
[2023-01-26T09:36:36.315+0100][gc,heap     ] GC(1) Eden regions: 12->0(49)
[2023-01-26T09:36:36.315+0100][gc,heap     ] GC(1) Survivor regions: 7->2(7)
[2023-01-26T09:36:36.315+0100][gc,heap     ] GC(1) Old regions: 1->8
[2023-01-26T09:36:36.315+0100][gc,heap     ] GC(1) Archive regions: 2->2
[2023-01-26T09:36:36.315+0100][gc,heap     ] GC(1) Humongous regions: 129->129
[2023-01-26T09:36:36.315+0100][gc,metaspace] GC(1) Metaspace: 21336K(21504K)->21336K(21504K) NonClass: 18752K(18816K)->18752K(18816K) Class: 2583K(2688K)->2583K(2688K)
[2023-01-26T09:36:36.315+0100][gc          ] GC(1) Pause Young (Concurrent Start) (Metadata GC Threshold) 149M->138M(1024M) 3,299ms
[2023-01-26T09:36:36.315+0100][gc,cpu      ] GC(1) User=0,02s Sys=0,01s Real=0,00s
[2023-01-26T09:36:36.315+0100][gc          ] GC(2) Concurrent Mark Cycle
[2023-01-26T09:36:36.315+0100][gc,marking  ] GC(2) Concurrent Clear Claimed Marks
[2023-01-26T09:36:36.315+0100][gc,marking  ] GC(2) Concurrent Clear Claimed Marks 0,017ms
[2023-01-26T09:36:36.315+0100][gc,marking  ] GC(2) Concurrent Scan Root Regions
[2023-01-26T09:36:36.317+0100][gc,marking  ] GC(2) Concurrent Scan Root Regions 1,811ms
[2023-01-26T09:36:36.317+0100][gc,marking  ] GC(2) Concurrent Mark
[2023-01-26T09:36:36.317+0100][gc,marking  ] GC(2) Concurrent Mark From Roots
[2023-01-26T09:36:36.317+0100][gc,task     ] GC(2) Using 2 workers of 2 for marking
[2023-01-26T09:36:36.318+0100][gc,marking  ] GC(2) Concurrent Mark From Roots 1,175ms
[2023-01-26T09:36:36.318+0100][gc,marking  ] GC(2) Concurrent Preclean
[2023-01-26T09:36:36.318+0100][gc,marking  ] GC(2) Concurrent Preclean 0,027ms
[2023-01-26T09:36:36.318+0100][gc,start    ] GC(2) Pause Remark
[2023-01-26T09:36:36.319+0100][gc          ] GC(2) Pause Remark 139M->139M(1024M) 0,844ms
[2023-01-26T09:36:36.319+0100][gc,cpu      ] GC(2) User=0,01s Sys=0,00s Real=0,00s
[2023-01-26T09:36:36.319+0100][gc,marking  ] GC(2) Concurrent Mark 2,408ms
[2023-01-26T09:36:36.319+0100][gc,marking  ] GC(2) Concurrent Rebuild Remembered Sets
[2023-01-26T09:36:36.321+0100][gc,marking  ] GC(2) Concurrent Rebuild Remembered Sets 1,654ms
[2023-01-26T09:36:36.321+0100][gc,start    ] GC(2) Pause Cleanup
[2023-01-26T09:36:36.321+0100][gc          ] GC(2) Pause Cleanup 139M->139M(1024M) 0,248ms
[2023-01-26T09:36:36.321+0100][gc,cpu      ] GC(2) User=0,00s Sys=0,00s Real=0,00s
[2023-01-26T09:36:36.321+0100][gc,marking  ] GC(2) Concurrent Cleanup for Next Mark
[2023-01-26T09:36:36.324+0100][gc,marking  ] GC(2) Concurrent Cleanup for Next Mark 2,733ms
[2023-01-26T09:36:36.324+0100][gc          ] GC(2) Concurrent Mark Cycle 9,228ms
[2023-01-26T09:36:36.775+0100][gc,start    ] GC(3) Pause Young (Normal) (G1 Evacuation Pause)
[2023-01-26T09:36:36.775+0100][gc,task     ] GC(3) Using 8 workers of 8 for evacuation
[2023-01-26T09:36:36.778+0100][gc,phases   ] GC(3)   Pre Evacuate Collection Set: 0,1ms
[2023-01-26T09:36:36.778+0100][gc,phases   ] GC(3)   Merge Heap Roots: 0,0ms
[2023-01-26T09:36:36.778+0100][gc,phases   ] GC(3)   Evacuate Collection Set: 2,3ms
[2023-01-26T09:36:36.778+0100][gc,phases   ] GC(3)   Post Evacuate Collection Set: 0,3ms
[2023-01-26T09:36:36.778+0100][gc,phases   ] GC(3)   Other: 0,1ms
[2023-01-26T09:36:36.778+0100][gc,heap     ] GC(3) Eden regions: 49->0(45)
[2023-01-26T09:36:36.778+0100][gc,heap     ] GC(3) Survivor regions: 2->6(7)
[2023-01-26T09:36:36.778+0100][gc,heap     ] GC(3) Old regions: 8->8
[2023-01-26T09:36:36.778+0100][gc,heap     ] GC(3) Archive regions: 2->2
[2023-01-26T09:36:36.778+0100][gc,heap     ] GC(3) Humongous regions: 129->129
[2023-01-26T09:36:36.778+0100][gc,metaspace] GC(3) Metaspace: 32864K(33088K)->32864K(33088K) NonClass: 29141K(29248K)->29141K(29248K) Class: 3722K(3840K)->3722K(3840K)
[2023-01-26T09:36:36.778+0100][gc          ] GC(3) Pause Young (Normal) (G1 Evacuation Pause) 187M->143M(1024M) 2,890ms
[2023-01-26T09:36:36.778+0100][gc,cpu      ] GC(3) User=0,02s Sys=0,00s Real=0,01s
[2023-01-26T09:50:55.565+0100][gc,start    ] GC(4) Pause Young (Concurrent Start) (Metadata GC Threshold)
[2023-01-26T09:50:55.565+0100][gc,task     ] GC(4) Using 8 workers of 8 for evacuation
[2023-01-26T09:50:55.568+0100][gc,phases   ] GC(4)   Pre Evacuate Collection Set: 0,2ms
[2023-01-26T09:50:55.568+0100][gc,phases   ] GC(4)   Merge Heap Roots: 0,1ms
[2023-01-26T09:50:55.568+0100][gc,phases   ] GC(4)   Evacuate Collection Set: 2,8ms
[2023-01-26T09:50:55.568+0100][gc,phases   ] GC(4)   Post Evacuate Collection Set: 0,6ms
[2023-01-26T09:50:55.568+0100][gc,phases   ] GC(4)   Other: 0,2ms
[2023-01-26T09:50:55.568+0100][gc,heap     ] GC(4) Eden regions: 21->0(49)
[2023-01-26T09:50:55.568+0100][gc,heap     ] GC(4) Survivor regions: 6->2(7)
[2023-01-26T09:50:55.568+0100][gc,heap     ] GC(4) Old regions: 8->13
[2023-01-26T09:50:55.568+0100][gc,heap     ] GC(4) Archive regions: 2->2
[2023-01-26T09:50:55.568+0100][gc,heap     ] GC(4) Humongous regions: 129->129
[2023-01-26T09:50:55.568+0100][gc,metaspace] GC(4) Metaspace: 35967K(36288K)->35967K(36288K) NonClass: 31722K(31936K)->31722K(31936K) Class: 4245K(4352K)->4245K(4352K)
[2023-01-26T09:50:55.568+0100][gc          ] GC(4) Pause Young (Concurrent Start) (Metadata GC Threshold) 163M->144M(1024M) 3,917ms
[2023-01-26T09:50:55.569+0100][gc,cpu      ] GC(4) User=0,02s Sys=0,00s Real=0,00s
[2023-01-26T09:50:55.569+0100][gc          ] GC(5) Concurrent Mark Cycle
[2023-01-26T09:50:55.569+0100][gc,marking  ] GC(5) Concurrent Clear Claimed Marks
[2023-01-26T09:50:55.569+0100][gc,marking  ] GC(5) Concurrent Clear Claimed Marks 0,041ms
[2023-01-26T09:50:55.569+0100][gc,marking  ] GC(5) Concurrent Scan Root Regions
[2023-01-26T09:50:55.571+0100][gc,marking  ] GC(5) Concurrent Scan Root Regions 2,249ms
[2023-01-26T09:50:55.571+0100][gc,marking  ] GC(5) Concurrent Mark
[2023-01-26T09:50:55.571+0100][gc,marking  ] GC(5) Concurrent Mark From Roots
[2023-01-26T09:50:55.571+0100][gc,task     ] GC(5) Using 2 workers of 2 for marking
[2023-01-26T09:50:55.577+0100][gc,marking  ] GC(5) Concurrent Mark From Roots 5,717ms
[2023-01-26T09:50:55.577+0100][gc,marking  ] GC(5) Concurrent Preclean
[2023-01-26T09:50:55.577+0100][gc,marking  ] GC(5) Concurrent Preclean 0,070ms
[2023-01-26T09:50:55.577+0100][gc,start    ] GC(5) Pause Remark
[2023-01-26T09:50:55.578+0100][gc          ] GC(5) Pause Remark 144M->144M(1024M) 1,097ms
[2023-01-26T09:50:55.578+0100][gc,cpu      ] GC(5) User=0,01s Sys=0,00s Real=0,00s
[2023-01-26T09:50:55.578+0100][gc,marking  ] GC(5) Concurrent Mark 7,375ms
[2023-01-26T09:50:55.578+0100][gc,marking  ] GC(5) Concurrent Rebuild Remembered Sets
[2023-01-26T09:50:55.582+0100][gc,marking  ] GC(5) Concurrent Rebuild Remembered Sets 3,488ms
[2023-01-26T09:50:55.582+0100][gc,start    ] GC(5) Pause Cleanup
[2023-01-26T09:50:55.582+0100][gc          ] GC(5) Pause Cleanup 145M->145M(1024M) 0,117ms
[2023-01-26T09:50:55.582+0100][gc,cpu      ] GC(5) User=0,00s Sys=0,00s Real=0,00s
[2023-01-26T09:50:55.582+0100][gc,marking  ] GC(5) Concurrent Cleanup for Next Mark
[2023-01-26T09:50:55.585+0100][gc,marking  ] GC(5) Concurrent Cleanup for Next Mark 3,368ms
[2023-01-26T09:50:55.585+0100][gc          ] GC(5) Concurrent Mark Cycle 16,898ms
[2023-01-26T10:22:29.609+0100][gc,start    ] GC(6) Pause Young (Prepare Mixed) (G1 Evacuation Pause)
[2023-01-26T10:22:29.609+0100][gc,task     ] GC(6) Using 8 workers of 8 for evacuation
[2023-01-26T10:22:29.611+0100][gc,phases   ] GC(6)   Pre Evacuate Collection Set: 0,1ms
[2023-01-26T10:22:29.611+0100][gc,phases   ] GC(6)   Merge Heap Roots: 0,1ms
[2023-01-26T10:22:29.611+0100][gc,phases   ] GC(6)   Evacuate Collection Set: 1,7ms
[2023-01-26T10:22:29.611+0100][gc,phases   ] GC(6)   Post Evacuate Collection Set: 0,2ms
[2023-01-26T10:22:29.611+0100][gc,phases   ] GC(6)   Other: 0,1ms
[2023-01-26T10:22:29.611+0100][gc,heap     ] GC(6) Eden regions: 49->0(48)
[2023-01-26T10:22:29.611+0100][gc,heap     ] GC(6) Survivor regions: 2->3(7)
[2023-01-26T10:22:29.611+0100][gc,heap     ] GC(6) Old regions: 13->13
[2023-01-26T10:22:29.611+0100][gc,heap     ] GC(6) Archive regions: 2->2
[2023-01-26T10:22:29.611+0100][gc,heap     ] GC(6) Humongous regions: 129->129
[2023-01-26T10:22:29.611+0100][gc,metaspace] GC(6) Metaspace: 39125K(39552K)->39125K(39552K) NonClass: 34463K(34688K)->34463K(34688K) Class: 4661K(4864K)->4661K(4864K)
[2023-01-26T10:22:29.611+0100][gc          ] GC(6) Pause Young (Prepare Mixed) (G1 Evacuation Pause) 193M->145M(1024M) 2,269ms
[2023-01-26T10:22:29.611+0100][gc,cpu      ] GC(6) User=0,01s Sys=0,01s Real=0,00s
[2023-01-26T10:33:20.628+0100][gc,start    ] GC(7) Pause Young (Mixed) (G1 Evacuation Pause)
[2023-01-26T10:33:20.628+0100][gc,task     ] GC(7) Using 8 workers of 8 for evacuation
[2023-01-26T10:33:20.636+0100][gc,phases   ] GC(7)   Pre Evacuate Collection Set: 0,3ms
[2023-01-26T10:33:20.636+0100][gc,phases   ] GC(7)   Merge Heap Roots: 0,2ms
[2023-01-26T10:33:20.636+0100][gc,phases   ] GC(7)   Evacuate Collection Set: 6,4ms
[2023-01-26T10:33:20.636+0100][gc,phases   ] GC(7)   Post Evacuate Collection Set: 0,7ms
[2023-01-26T10:33:20.636+0100][gc,phases   ] GC(7)   Other: 0,2ms
[2023-01-26T10:33:20.636+0100][gc,heap     ] GC(7) Eden regions: 48->0(46)
[2023-01-26T10:33:20.636+0100][gc,heap     ] GC(7) Survivor regions: 3->5(7)
[2023-01-26T10:33:20.636+0100][gc,heap     ] GC(7) Old regions: 13->13
[2023-01-26T10:33:20.636+0100][gc,heap     ] GC(7) Archive regions: 2->2
[2023-01-26T10:33:20.636+0100][gc,heap     ] GC(7) Humongous regions: 129->129
[2023-01-26T10:33:20.636+0100][gc,metaspace] GC(7) Metaspace: 41641K(42176K)->41641K(42176K) NonClass: 36692K(36992K)->36692K(36992K) Class: 4948K(5184K)->4948K(5184K)
[2023-01-26T10:33:20.636+0100][gc          ] GC(7) Pause Young (Mixed) (G1 Evacuation Pause) 193M->147M(1024M) 7,809ms
[2023-01-26T10:33:20.636+0100][gc,cpu      ] GC(7) User=0,05s Sys=0,00s Real=0,00s
[2023-01-26T10:46:15.628+0100][gc,start    ] GC(8) Pause Young (Normal) (G1 Evacuation Pause)
[2023-01-26T10:46:15.628+0100][gc,task     ] GC(8) Using 8 workers of 8 for evacuation
[2023-01-26T10:46:15.636+0100][gc,phases   ] GC(8)   Pre Evacuate Collection Set: 0,3ms
[2023-01-26T10:46:15.636+0100][gc,phases   ] GC(8)   Merge Heap Roots: 0,2ms
[2023-01-26T10:46:15.636+0100][gc,phases   ] GC(8)   Evacuate Collection Set: 6,6ms
[2023-01-26T10:46:15.636+0100][gc,phases   ] GC(8)   Post Evacuate Collection Set: 0,5ms
[2023-01-26T10:46:15.636+0100][gc,phases   ] GC(8)   Other: 0,2ms
[2023-01-26T10:46:15.636+0100][gc,heap     ] GC(8) Eden regions: 46->0(47)
[2023-01-26T10:46:15.636+0100][gc,heap     ] GC(8) Survivor regions: 5->4(7)
[2023-01-26T10:46:15.636+0100][gc,heap     ] GC(8) Old regions: 13->16
[2023-01-26T10:46:15.636+0100][gc,heap     ] GC(8) Archive regions: 2->2
[2023-01-26T10:46:15.636+0100][gc,heap     ] GC(8) Humongous regions: 129->129
[2023-01-26T10:46:15.636+0100][gc,metaspace] GC(8) Metaspace: 41763K(42304K)->41763K(42304K) NonClass: 36811K(37120K)->36811K(37120K) Class: 4951K(5184K)->4951K(5184K)
[2023-01-26T10:46:15.636+0100][gc          ] GC(8) Pause Young (Normal) (G1 Evacuation Pause) 193M->148M(1024M) 7,822ms
[2023-01-26T10:46:15.636+0100][gc,cpu      ] GC(8) User=0,04s Sys=0,00s Real=0,00s
[2023-01-26T10:59:59.301+0100][gc,start    ] GC(9) Pause Young (Normal) (G1 Evacuation Pause)
[2023-01-26T10:59:59.301+0100][gc,task     ] GC(9) Using 8 workers of 8 for evacuation
[2023-01-26T10:59:59.311+0100][gc,phases   ] GC(9)   Pre Evacuate Collection Set: 0,3ms
[2023-01-26T10:59:59.311+0100][gc,phases   ] GC(9)   Merge Heap Roots: 0,2ms
[2023-01-26T10:59:59.311+0100][gc,phases   ] GC(9)   Evacuate Collection Set: 7,6ms
[2023-01-26T10:59:59.311+0100][gc,phases   ] GC(9)   Post Evacuate Collection Set: 1,9ms
[2023-01-26T10:59:59.311+0100][gc,phases   ] GC(9)   Other: 0,3ms
[2023-01-26T10:59:59.311+0100][gc,heap     ] GC(9) Eden regions: 47->0(56)
[2023-01-26T10:59:59.311+0100][gc,heap     ] GC(9) Survivor regions: 4->4(7)
[2023-01-26T10:59:59.311+0100][gc,heap     ] GC(9) Old regions: 16->16
[2023-01-26T10:59:59.311+0100][gc,heap     ] GC(9) Archive regions: 2->2
[2023-01-26T10:59:59.311+0100][gc,heap     ] GC(9) Humongous regions: 129->129
[2023-01-26T10:59:59.311+0100][gc,metaspace] GC(9) Metaspace: 41909K(42560K)->41909K(42560K) NonClass: 36944K(37312K)->36944K(37312K) Class: 4965K(5248K)->4965K(5248K)
[2023-01-26T10:59:59.311+0100][gc          ] GC(9) Pause Young (Normal) (G1 Evacuation Pause) 195M->148M(1024M) 10,274ms
[2023-01-26T10:59:59.311+0100][gc,cpu      ] GC(9) User=0,05s Sys=0,00s Real=0,01s
[2023-01-26T11:18:45.490+0100][gc,start    ] GC(10) Pause Young (Normal) (G1 Evacuation Pause)
[2023-01-26T11:18:45.490+0100][gc,task     ] GC(10) Using 8 workers of 8 for evacuation
[2023-01-26T11:18:45.496+0100][gc,phases   ] GC(10)   Pre Evacuate Collection Set: 0,3ms
[2023-01-26T11:18:45.496+0100][gc,phases   ] GC(10)   Merge Heap Roots: 0,2ms
[2023-01-26T11:18:45.496+0100][gc,phases   ] GC(10)   Evacuate Collection Set: 5,5ms
[2023-01-26T11:18:45.496+0100][gc,phases   ] GC(10)   Post Evacuate Collection Set: 0,5ms
[2023-01-26T11:18:45.496+0100][gc,phases   ] GC(10)   Other: 0,3ms
[2023-01-26T11:18:45.496+0100][gc,heap     ] GC(10) Eden regions: 56->0(161)
[2023-01-26T11:18:45.496+0100][gc,heap     ] GC(10) Survivor regions: 4->4(8)
[2023-01-26T11:18:45.496+0100][gc,heap     ] GC(10) Old regions: 16->16
[2023-01-26T11:18:45.496+0100][gc,heap     ] GC(10) Archive regions: 2->2
[2023-01-26T11:18:45.496+0100][gc,heap     ] GC(10) Humongous regions: 129->129
[2023-01-26T11:18:45.496+0100][gc,metaspace] GC(10) Metaspace: 41947K(42560K)->41947K(42560K) NonClass: 36982K(37312K)->36982K(37312K) Class: 4965K(5248K)->4965K(5248K)
[2023-01-26T11:18:45.496+0100][gc          ] GC(10) Pause Young (Normal) (G1 Evacuation Pause) 204M->149M(1024M) 6,656ms
[2023-01-26T11:18:45.496+0100][gc,cpu      ] GC(10) User=0,04s Sys=0,00s Real=0,01s
[2023-01-26T12:03:03.767+0100][gc,start    ] GC(11) Pause Young (Normal) (G1 Evacuation Pause)
[2023-01-26T12:03:03.767+0100][gc,task     ] GC(11) Using 8 workers of 8 for evacuation
[2023-01-26T12:03:03.776+0100][gc,phases   ] GC(11)   Pre Evacuate Collection Set: 0,6ms
[2023-01-26T12:03:03.776+0100][gc,phases   ] GC(11)   Merge Heap Roots: 0,3ms
[2023-01-26T12:03:03.776+0100][gc,phases   ] GC(11)   Evacuate Collection Set: 6,6ms
[2023-01-26T12:03:03.776+0100][gc,phases   ] GC(11)   Post Evacuate Collection Set: 1,3ms
[2023-01-26T12:03:03.776+0100][gc,phases   ] GC(11)   Other: 0,5ms
[2023-01-26T12:03:03.776+0100][gc,heap     ] GC(11) Eden regions: 161->0(380)
[2023-01-26T12:03:03.776+0100][gc,heap     ] GC(11) Survivor regions: 4->5(21)
[2023-01-26T12:03:03.776+0100][gc,heap     ] GC(11) Old regions: 16->16
[2023-01-26T12:03:03.776+0100][gc,heap     ] GC(11) Archive regions: 2->2
[2023-01-26T12:03:03.776+0100][gc,heap     ] GC(11) Humongous regions: 129->129
[2023-01-26T12:03:03.776+0100][gc,metaspace] GC(11) Metaspace: 42130K(42688K)->42130K(42688K) NonClass: 37134K(37440K)->37134K(37440K) Class: 4996K(5248K)->4996K(5248K)
[2023-01-26T12:03:03.776+0100][gc          ] GC(11) Pause Young (Normal) (G1 Evacuation Pause) 310M->149M(1024M) 9,254ms
[2023-01-26T12:03:03.776+0100][gc,cpu      ] GC(11) User=0,03s Sys=0,00s Real=0,01s
[2023-01-26T13:26:20.627+0100][gc,start    ] GC(12) Pause Young (Normal) (G1 Evacuation Pause)
[2023-01-26T13:26:20.628+0100][gc,task     ] GC(12) Using 8 workers of 8 for evacuation
[2023-01-26T13:26:20.635+0100][gc,phases   ] GC(12)   Pre Evacuate Collection Set: 0,4ms
[2023-01-26T13:26:20.635+0100][gc,phases   ] GC(12)   Merge Heap Roots: 0,3ms
[2023-01-26T13:26:20.635+0100][gc,phases   ] GC(12)   Evacuate Collection Set: 6,0ms
[2023-01-26T13:26:20.635+0100][gc,phases   ] GC(12)   Post Evacuate Collection Set: 0,7ms
[2023-01-26T13:26:20.635+0100][gc,phases   ] GC(12)   Other: 0,4ms
[2023-01-26T13:26:20.635+0100][gc,heap     ] GC(12) Eden regions: 380->0(610)
[2023-01-26T13:26:20.635+0100][gc,heap     ] GC(12) Survivor regions: 5->4(49)
[2023-01-26T13:26:20.635+0100][gc,heap     ] GC(12) Old regions: 16->16
[2023-01-26T13:26:20.635+0100][gc,heap     ] GC(12) Archive regions: 2->2
[2023-01-26T13:26:20.635+0100][gc,heap     ] GC(12) Humongous regions: 129->129
[2023-01-26T13:26:20.635+0100][gc,metaspace] GC(12) Metaspace: 42148K(42752K)->42148K(42752K) NonClass: 37152K(37504K)->37152K(37504K) Class: 4996K(5248K)->4996K(5248K)
[2023-01-26T13:26:20.635+0100][gc          ] GC(12) Pause Young (Normal) (G1 Evacuation Pause) 529M->149M(1024M) 7,903ms
[2023-01-26T13:26:20.635+0100][gc,cpu      ] GC(12) User=0,05s Sys=0,00s Real=0,00s
