[2023-01-26T09:34:43.996+0100][gc] Using G1
[2023-01-26T09:34:44.002+0100][gc,init] Version: 17.0.5+9-LTS-191 (release)
[2023-01-26T09:34:44.002+0100][gc,init] CPUs: 8 total, 8 available
[2023-01-26T09:34:44.002+0100][gc,init] Memory: 15782M
[2023-01-26T09:34:44.002+0100][gc,init] Large Page Support: Disabled
[2023-01-26T09:34:44.002+0100][gc,init] NUMA Support: Disabled
[2023-01-26T09:34:44.002+0100][gc,init] Compressed Oops: Enabled (32-bit)
[2023-01-26T09:34:44.002+0100][gc,init] Heap Region Size: 1M
[2023-01-26T09:34:44.002+0100][gc,init] Heap Min Capacity: 1G
[2023-01-26T09:34:44.002+0100][gc,init] Heap Initial Capacity: 1G
[2023-01-26T09:34:44.002+0100][gc,init] Heap Max Capacity: 1G
[2023-01-26T09:34:44.002+0100][gc,init] Pre-touch: Disabled
[2023-01-26T09:34:44.002+0100][gc,init] Parallel Workers: 8
[2023-01-26T09:34:44.002+0100][gc,init] Concurrent Workers: 2
[2023-01-26T09:34:44.002+0100][gc,init] Concurrent Refinement Workers: 8
[2023-01-26T09:34:44.002+0100][gc,init] Periodic GC: Disabled
[2023-01-26T09:34:44.002+0100][gc,metaspace] CDS archive(s) mapped at: [0x0000000800000000-0x0000000800be3000-0x0000000800be3000), size 12464128, SharedBaseAddress: 0x0000000800000000, ArchiveRelocationMode: 0.
[2023-01-26T09:34:44.002+0100][gc,metaspace] Compressed class space mapped at: 0x0000000800c00000-0x0000000840c00000, reserved size: 1073741824
[2023-01-26T09:34:44.002+0100][gc,metaspace] Narrow klass base: 0x0000000800000000, Narrow klass shift: 0, Narrow klass range: 0x100000000
[2023-01-26T09:34:44.710+0100][gc,start    ] GC(0) Pause Young (Normal) (G1 Evacuation Pause)
[2023-01-26T09:34:44.710+0100][gc,task     ] GC(0) Using 8 workers of 8 for evacuation
[2023-01-26T09:34:44.714+0100][gc,phases   ] GC(0)   Pre Evacuate Collection Set: 0,1ms
[2023-01-26T09:34:44.714+0100][gc,phases   ] GC(0)   Merge Heap Roots: 0,0ms
[2023-01-26T09:34:44.714+0100][gc,phases   ] GC(0)   Evacuate Collection Set: 3,2ms
[2023-01-26T09:34:44.714+0100][gc,phases   ] GC(0)   Post Evacuate Collection Set: 0,4ms
[2023-01-26T09:34:44.714+0100][gc,phases   ] GC(0)   Other: 0,6ms
[2023-01-26T09:34:44.714+0100][gc,heap     ] GC(0) Eden regions: 51->0(44)
[2023-01-26T09:34:44.714+0100][gc,heap     ] GC(0) Survivor regions: 0->7(7)
[2023-01-26T09:34:44.714+0100][gc,heap     ] GC(0) Old regions: 0->1
[2023-01-26T09:34:44.714+0100][gc,heap     ] GC(0) Archive regions: 2->2
[2023-01-26T09:34:44.714+0100][gc,heap     ] GC(0) Humongous regions: 0->0
[2023-01-26T09:34:44.714+0100][gc,metaspace] GC(0) Metaspace: 18884K(19072K)->18884K(19072K) NonClass: 16594K(16704K)->16594K(16704K) Class: 2290K(2368K)->2290K(2368K)
[2023-01-26T09:34:44.714+0100][gc          ] GC(0) Pause Young (Normal) (G1 Evacuation Pause) 51M->8M(1024M) 4,441ms
[2023-01-26T09:34:44.714+0100][gc,cpu      ] GC(0) User=0,02s Sys=0,00s Real=0,00s
[2023-01-26T09:34:44.849+0100][gc,start    ] GC(1) Pause Young (Concurrent Start) (Metadata GC Threshold)
[2023-01-26T09:34:44.849+0100][gc,task     ] GC(1) Using 8 workers of 8 for evacuation
[2023-01-26T09:34:44.852+0100][gc,phases   ] GC(1)   Pre Evacuate Collection Set: 0,1ms
[2023-01-26T09:34:44.852+0100][gc,phases   ] GC(1)   Merge Heap Roots: 0,0ms
[2023-01-26T09:34:44.852+0100][gc,phases   ] GC(1)   Evacuate Collection Set: 2,4ms
[2023-01-26T09:34:44.852+0100][gc,phases   ] GC(1)   Post Evacuate Collection Set: 0,3ms
[2023-01-26T09:34:44.852+0100][gc,phases   ] GC(1)   Other: 0,1ms
[2023-01-26T09:34:44.852+0100][gc,heap     ] GC(1) Eden regions: 12->0(49)
[2023-01-26T09:34:44.852+0100][gc,heap     ] GC(1) Survivor regions: 7->2(7)
[2023-01-26T09:34:44.852+0100][gc,heap     ] GC(1) Old regions: 1->8
[2023-01-26T09:34:44.852+0100][gc,heap     ] GC(1) Archive regions: 2->2
[2023-01-26T09:34:44.852+0100][gc,heap     ] GC(1) Humongous regions: 129->129
[2023-01-26T09:34:44.852+0100][gc,metaspace] GC(1) Metaspace: 21328K(21504K)->21328K(21504K) NonClass: 18742K(18816K)->18742K(18816K) Class: 2586K(2688K)->2586K(2688K)
[2023-01-26T09:34:44.852+0100][gc          ] GC(1) Pause Young (Concurrent Start) (Metadata GC Threshold) 148M->139M(1024M) 3,044ms
[2023-01-26T09:34:44.852+0100][gc,cpu      ] GC(1) User=0,01s Sys=0,01s Real=0,00s
[2023-01-26T09:34:44.852+0100][gc          ] GC(2) Concurrent Mark Cycle
[2023-01-26T09:34:44.852+0100][gc,marking  ] GC(2) Concurrent Clear Claimed Marks
[2023-01-26T09:34:44.852+0100][gc,marking  ] GC(2) Concurrent Clear Claimed Marks 0,016ms
[2023-01-26T09:34:44.852+0100][gc,marking  ] GC(2) Concurrent Scan Root Regions
[2023-01-26T09:34:44.854+0100][gc,marking  ] GC(2) Concurrent Scan Root Regions 2,129ms
[2023-01-26T09:34:44.854+0100][gc,marking  ] GC(2) Concurrent Mark
[2023-01-26T09:34:44.854+0100][gc,marking  ] GC(2) Concurrent Mark From Roots
[2023-01-26T09:34:44.854+0100][gc,task     ] GC(2) Using 2 workers of 2 for marking
[2023-01-26T09:34:44.855+0100][gc,marking  ] GC(2) Concurrent Mark From Roots 1,048ms
[2023-01-26T09:34:44.855+0100][gc,marking  ] GC(2) Concurrent Preclean
[2023-01-26T09:34:44.855+0100][gc,marking  ] GC(2) Concurrent Preclean 0,028ms
[2023-01-26T09:34:44.855+0100][gc,start    ] GC(2) Pause Remark
[2023-01-26T09:34:44.856+0100][gc          ] GC(2) Pause Remark 139M->139M(1024M) 0,883ms
[2023-01-26T09:34:44.856+0100][gc,cpu      ] GC(2) User=0,01s Sys=0,00s Real=0,01s
[2023-01-26T09:34:44.856+0100][gc,marking  ] GC(2) Concurrent Mark 2,104ms
[2023-01-26T09:34:44.856+0100][gc,marking  ] GC(2) Concurrent Rebuild Remembered Sets
[2023-01-26T09:34:44.858+0100][gc,marking  ] GC(2) Concurrent Rebuild Remembered Sets 1,516ms
[2023-01-26T09:34:44.858+0100][gc,start    ] GC(2) Pause Cleanup
[2023-01-26T09:34:44.858+0100][gc          ] GC(2) Pause Cleanup 140M->140M(1024M) 0,154ms
[2023-01-26T09:34:44.858+0100][gc,cpu      ] GC(2) User=0,00s Sys=0,00s Real=0,00s
[2023-01-26T09:34:44.858+0100][gc,marking  ] GC(2) Concurrent Cleanup for Next Mark
[2023-01-26T09:34:44.861+0100][gc,marking  ] GC(2) Concurrent Cleanup for Next Mark 2,419ms
[2023-01-26T09:34:44.861+0100][gc          ] GC(2) Concurrent Mark Cycle 8,641ms
[2023-01-26T09:34:45.213+0100][gc,heap,exit] Heap
[2023-01-26T09:34:45.213+0100][gc,heap,exit]  garbage-first heap   total 1048576K, used 170487K [0x00000000c0000000, 0x0000000100000000)
[2023-01-26T09:34:45.213+0100][gc,heap,exit]   region size 1024K, 30 young (30720K), 2 survivors (2048K)
[2023-01-26T09:34:45.213+0100][gc,heap,exit]  Metaspace       used 27113K, committed 27392K, reserved 1081344K
[2023-01-26T09:34:45.213+0100][gc,heap,exit]   class space    used 3141K, committed 3264K, reserved 1048576K
