[2023-01-26T21:09:30.235+0100][gc] Using G1
[2023-01-26T21:09:30.242+0100][gc,init] Version: 17.0.5+9-LTS-191 (release)
[2023-01-26T21:09:30.242+0100][gc,init] CPUs: 8 total, 8 available
[2023-01-26T21:09:30.242+0100][gc,init] Memory: 15782M
[2023-01-26T21:09:30.242+0100][gc,init] Large Page Support: Disabled
[2023-01-26T21:09:30.242+0100][gc,init] NUMA Support: Disabled
[2023-01-26T21:09:30.242+0100][gc,init] Compressed Oops: Enabled (32-bit)
[2023-01-26T21:09:30.242+0100][gc,init] Heap Region Size: 1M
[2023-01-26T21:09:30.242+0100][gc,init] Heap Min Capacity: 512M
[2023-01-26T21:09:30.242+0100][gc,init] Heap Initial Capacity: 512M
[2023-01-26T21:09:30.242+0100][gc,init] Heap Max Capacity: 512M
[2023-01-26T21:09:30.242+0100][gc,init] Pre-touch: Disabled
[2023-01-26T21:09:30.242+0100][gc,init] Parallel Workers: 8
[2023-01-26T21:09:30.242+0100][gc,init] Concurrent Workers: 2
[2023-01-26T21:09:30.242+0100][gc,init] Concurrent Refinement Workers: 8
[2023-01-26T21:09:30.242+0100][gc,init] Periodic GC: Disabled
[2023-01-26T21:09:30.242+0100][gc,metaspace] CDS archive(s) mapped at: [0x0000000800000000-0x0000000800be3000-0x0000000800be3000), size 12464128, SharedBaseAddress: 0x0000000800000000, ArchiveRelocationMode: 0.
[2023-01-26T21:09:30.242+0100][gc,metaspace] Compressed class space mapped at: 0x0000000800c00000-0x0000000840c00000, reserved size: 1073741824
[2023-01-26T21:09:30.242+0100][gc,metaspace] Narrow klass base: 0x0000000800000000, Narrow klass shift: 0, Narrow klass range: 0x100000000
[2023-01-26T21:09:39.815+0100][gc,start    ] GC(0) Pause Young (Normal) (G1 Evacuation Pause)
[2023-01-26T21:09:39.816+0100][gc,task     ] GC(0) Using 8 workers of 8 for evacuation
[2023-01-26T21:09:39.819+0100][gc,phases   ] GC(0)   Pre Evacuate Collection Set: 0,1ms
[2023-01-26T21:09:39.819+0100][gc,phases   ] GC(0)   Merge Heap Roots: 0,0ms
[2023-01-26T21:09:39.819+0100][gc,phases   ] GC(0)   Evacuate Collection Set: 2,3ms
[2023-01-26T21:09:39.819+0100][gc,phases   ] GC(0)   Post Evacuate Collection Set: 0,3ms
[2023-01-26T21:09:39.819+0100][gc,phases   ] GC(0)   Other: 0,8ms
[2023-01-26T21:09:39.819+0100][gc,heap     ] GC(0) Eden regions: 25->0(21)
[2023-01-26T21:09:39.819+0100][gc,heap     ] GC(0) Survivor regions: 0->4(4)
[2023-01-26T21:09:39.819+0100][gc,heap     ] GC(0) Old regions: 0->4
[2023-01-26T21:09:39.819+0100][gc,heap     ] GC(0) Archive regions: 2->2
[2023-01-26T21:09:39.819+0100][gc,heap     ] GC(0) Humongous regions: 0->0
[2023-01-26T21:09:39.819+0100][gc,metaspace] GC(0) Metaspace: 8035K(8192K)->8035K(8192K) NonClass: 7139K(7232K)->7139K(7232K) Class: 896K(960K)->896K(960K)
[2023-01-26T21:09:39.819+0100][gc          ] GC(0) Pause Young (Normal) (G1 Evacuation Pause) 25M->8M(512M) 3,589ms
[2023-01-26T21:09:39.819+0100][gc,cpu      ] GC(0) User=0,02s Sys=0,00s Real=0,00s
[2023-01-27T14:07:28.123+0100][gc,start    ] GC(1) Pause Young (Normal) (G1 Evacuation Pause)
[2023-01-27T14:07:28.123+0100][gc,task     ] GC(1) Using 8 workers of 8 for evacuation
[2023-01-27T14:07:28.125+0100][gc,phases   ] GC(1)   Pre Evacuate Collection Set: 0,1ms
[2023-01-27T14:07:28.125+0100][gc,phases   ] GC(1)   Merge Heap Roots: 0,1ms
[2023-01-27T14:07:28.125+0100][gc,phases   ] GC(1)   Evacuate Collection Set: 1,5ms
[2023-01-27T14:07:28.125+0100][gc,phases   ] GC(1)   Post Evacuate Collection Set: 0,4ms
[2023-01-27T14:07:28.125+0100][gc,phases   ] GC(1)   Other: 0,1ms
[2023-01-27T14:07:28.125+0100][gc,heap     ] GC(1) Eden regions: 21->0(24)
[2023-01-27T14:07:28.125+0100][gc,heap     ] GC(1) Survivor regions: 4->1(4)
[2023-01-27T14:07:28.125+0100][gc,heap     ] GC(1) Old regions: 4->8
[2023-01-27T14:07:28.125+0100][gc,heap     ] GC(1) Archive regions: 2->2
[2023-01-27T14:07:28.125+0100][gc,heap     ] GC(1) Humongous regions: 0->0
[2023-01-27T14:07:28.125+0100][gc,metaspace] GC(1) Metaspace: 8713K(8960K)->8713K(8960K) NonClass: 7795K(7936K)->7795K(7936K) Class: 918K(1024K)->918K(1024K)
[2023-01-27T14:07:28.125+0100][gc          ] GC(1) Pause Young (Normal) (G1 Evacuation Pause) 29M->8M(512M) 2,226ms
[2023-01-27T14:07:28.125+0100][gc,cpu      ] GC(1) User=0,00s Sys=0,00s Real=0,00s
[2023-01-27T21:55:54.941+0100][gc,start    ] GC(2) Pause Young (Normal) (G1 Evacuation Pause)
[2023-01-27T21:55:54.950+0100][gc,task     ] GC(2) Using 8 workers of 8 for evacuation
[2023-01-27T21:55:54.951+0100][gc,phases   ] GC(2)   Pre Evacuate Collection Set: 0,1ms
[2023-01-27T21:55:54.951+0100][gc,phases   ] GC(2)   Merge Heap Roots: 0,0ms
[2023-01-27T21:55:54.951+0100][gc,phases   ] GC(2)   Evacuate Collection Set: 0,7ms
[2023-01-27T21:55:54.951+0100][gc,phases   ] GC(2)   Post Evacuate Collection Set: 0,2ms
[2023-01-27T21:55:54.951+0100][gc,phases   ] GC(2)   Other: 8,4ms
[2023-01-27T21:55:54.951+0100][gc,heap     ] GC(2) Eden regions: 24->0(24)
[2023-01-27T21:55:54.951+0100][gc,heap     ] GC(2) Survivor regions: 1->1(4)
[2023-01-27T21:55:54.951+0100][gc,heap     ] GC(2) Old regions: 8->8
[2023-01-27T21:55:54.951+0100][gc,heap     ] GC(2) Archive regions: 2->2
[2023-01-27T21:55:54.951+0100][gc,heap     ] GC(2) Humongous regions: 0->0
[2023-01-27T21:55:54.951+0100][gc,metaspace] GC(2) Metaspace: 8716K(8960K)->8716K(8960K) NonClass: 7797K(7936K)->7797K(7936K) Class: 918K(1024K)->918K(1024K)
[2023-01-27T21:55:54.951+0100][gc          ] GC(2) Pause Young (Normal) (G1 Evacuation Pause) 32M->8M(512M) 9,533ms
[2023-01-27T21:55:54.951+0100][gc,cpu      ] GC(2) User=0,00s Sys=0,00s Real=0,00s
[2023-02-02T19:42:22.431+0100][gc,start    ] GC(3) Pause Young (Normal) (G1 Evacuation Pause)
[2023-02-02T19:42:22.431+0100][gc,task     ] GC(3) Using 8 workers of 8 for evacuation
[2023-02-02T19:42:22.434+0100][gc,phases   ] GC(3)   Pre Evacuate Collection Set: 0,2ms
[2023-02-02T19:42:22.434+0100][gc,phases   ] GC(3)   Merge Heap Roots: 0,2ms
[2023-02-02T19:42:22.434+0100][gc,phases   ] GC(3)   Evacuate Collection Set: 2,0ms
[2023-02-02T19:42:22.434+0100][gc,phases   ] GC(3)   Post Evacuate Collection Set: 0,5ms
[2023-02-02T19:42:22.434+0100][gc,phases   ] GC(3)   Other: 0,2ms
[2023-02-02T19:42:22.434+0100][gc,heap     ] GC(3) Eden regions: 24->0(24)
[2023-02-02T19:42:22.434+0100][gc,heap     ] GC(3) Survivor regions: 1->1(4)
[2023-02-02T19:42:22.434+0100][gc,heap     ] GC(3) Old regions: 8->8
[2023-02-02T19:42:22.434+0100][gc,heap     ] GC(3) Archive regions: 2->2
[2023-02-02T19:42:22.434+0100][gc,heap     ] GC(3) Humongous regions: 0->0
[2023-02-02T19:42:22.434+0100][gc,metaspace] GC(3) Metaspace: 8721K(8960K)->8721K(8960K) NonClass: 7802K(7936K)->7802K(7936K) Class: 918K(1024K)->918K(1024K)
[2023-02-02T19:42:22.434+0100][gc          ] GC(3) Pause Young (Normal) (G1 Evacuation Pause) 32M->8M(512M) 3,406ms
[2023-02-02T19:42:22.435+0100][gc,cpu      ] GC(3) User=0,01s Sys=0,00s Real=0,00s
[2023-02-02T21:50:25.089+0100][gc,heap,exit] Heap
[2023-02-02T21:50:25.089+0100][gc,heap,exit]  garbage-first heap   total 524288K, used 15786K [0x00000000e0000000, 0x0000000100000000)
[2023-02-02T21:50:25.089+0100][gc,heap,exit]   region size 1024K, 9 young (9216K), 1 survivors (1024K)
[2023-02-02T21:50:25.089+0100][gc,heap,exit]  Metaspace       used 8724K, committed 8960K, reserved 1064960K
[2023-02-02T21:50:25.089+0100][gc,heap,exit]   class space    used 919K, committed 1024K, reserved 1048576K
