[2023-01-26T15:59:33.981+0100][gc] Using G1
[2023-01-26T15:59:33.991+0100][gc,init] Version: 17.0.5+9-LTS-191 (release)
[2023-01-26T15:59:33.991+0100][gc,init] CPUs: 8 total, 8 available
[2023-01-26T15:59:33.991+0100][gc,init] Memory: 15782M
[2023-01-26T15:59:33.991+0100][gc,init] Large Page Support: Disabled
[2023-01-26T15:59:33.991+0100][gc,init] NUMA Support: Disabled
[2023-01-26T15:59:33.991+0100][gc,init] Compressed Oops: Enabled (32-bit)
[2023-01-26T15:59:33.991+0100][gc,init] Heap Region Size: 1M
[2023-01-26T15:59:33.991+0100][gc,init] Heap Min Capacity: 512M
[2023-01-26T15:59:33.991+0100][gc,init] Heap Initial Capacity: 512M
[2023-01-26T15:59:33.991+0100][gc,init] Heap Max Capacity: 512M
[2023-01-26T15:59:33.991+0100][gc,init] Pre-touch: Disabled
[2023-01-26T15:59:33.991+0100][gc,init] Parallel Workers: 8
[2023-01-26T15:59:33.991+0100][gc,init] Concurrent Workers: 2
[2023-01-26T15:59:33.991+0100][gc,init] Concurrent Refinement Workers: 8
[2023-01-26T15:59:33.991+0100][gc,init] Periodic GC: Disabled
[2023-01-26T15:59:33.991+0100][gc,metaspace] CDS archive(s) mapped at: [0x0000000800000000-0x0000000800be3000-0x0000000800be3000), size 12464128, SharedBaseAddress: 0x0000000800000000, ArchiveRelocationMode: 0.
[2023-01-26T15:59:33.991+0100][gc,metaspace] Compressed class space mapped at: 0x0000000800c00000-0x0000000840c00000, reserved size: 1073741824
[2023-01-26T15:59:33.991+0100][gc,metaspace] Narrow klass base: 0x0000000800000000, Narrow klass shift: 0, Narrow klass range: 0x100000000
[2023-01-26T15:59:56.844+0100][gc,start    ] GC(0) Pause Young (Normal) (G1 Evacuation Pause)
[2023-01-26T15:59:56.845+0100][gc,task     ] GC(0) Using 8 workers of 8 for evacuation
[2023-01-26T15:59:56.848+0100][gc,phases   ] GC(0)   Pre Evacuate Collection Set: 0,1ms
[2023-01-26T15:59:56.848+0100][gc,phases   ] GC(0)   Merge Heap Roots: 0,1ms
[2023-01-26T15:59:56.848+0100][gc,phases   ] GC(0)   Evacuate Collection Set: 2,5ms
[2023-01-26T15:59:56.848+0100][gc,phases   ] GC(0)   Post Evacuate Collection Set: 0,4ms
[2023-01-26T15:59:56.848+0100][gc,phases   ] GC(0)   Other: 0,7ms
[2023-01-26T15:59:56.848+0100][gc,heap     ] GC(0) Eden regions: 25->0(21)
[2023-01-26T15:59:56.848+0100][gc,heap     ] GC(0) Survivor regions: 0->4(4)
[2023-01-26T15:59:56.848+0100][gc,heap     ] GC(0) Old regions: 0->4
[2023-01-26T15:59:56.848+0100][gc,heap     ] GC(0) Archive regions: 2->2
[2023-01-26T15:59:56.848+0100][gc,heap     ] GC(0) Humongous regions: 0->0
[2023-01-26T15:59:56.848+0100][gc,metaspace] GC(0) Metaspace: 8087K(8256K)->8087K(8256K) NonClass: 7191K(7296K)->7191K(7296K) Class: 896K(960K)->896K(960K)
[2023-01-26T15:59:56.848+0100][gc          ] GC(0) Pause Young (Normal) (G1 Evacuation Pause) 25M->8M(512M) 3,885ms
[2023-01-26T15:59:56.848+0100][gc,cpu      ] GC(0) User=0,02s Sys=0,00s Real=0,01s
[2023-01-26T16:09:23.369+0100][gc,heap,exit] Heap
[2023-01-26T16:09:23.369+0100][gc,heap,exit]  garbage-first heap   total 524288K, used 13670K [0x00000000e0000000, 0x0000000100000000)
[2023-01-26T16:09:23.369+0100][gc,heap,exit]   region size 1024K, 10 young (10240K), 4 survivors (4096K)
[2023-01-26T16:09:23.369+0100][gc,heap,exit]  Metaspace       used 8477K, committed 8704K, reserved 1056768K
[2023-01-26T16:09:23.369+0100][gc,heap,exit]   class space    used 917K, committed 1024K, reserved 1048576K
