[2023-01-26T09:29:03.845+0100][gc] Using G1
[2023-01-26T09:29:03.854+0100][gc,init] Version: 17.0.5+9-LTS-191 (release)
[2023-01-26T09:29:03.854+0100][gc,init] CPUs: 8 total, 8 available
[2023-01-26T09:29:03.854+0100][gc,init] Memory: 15782M
[2023-01-26T09:29:03.854+0100][gc,init] Large Page Support: Disabled
[2023-01-26T09:29:03.854+0100][gc,init] NUMA Support: Disabled
[2023-01-26T09:29:03.854+0100][gc,init] Compressed Oops: Enabled (32-bit)
[2023-01-26T09:29:03.854+0100][gc,init] Heap Region Size: 1M
[2023-01-26T09:29:03.854+0100][gc,init] Heap Min Capacity: 512M
[2023-01-26T09:29:03.854+0100][gc,init] Heap Initial Capacity: 512M
[2023-01-26T09:29:03.854+0100][gc,init] Heap Max Capacity: 512M
[2023-01-26T09:29:03.854+0100][gc,init] Pre-touch: Disabled
[2023-01-26T09:29:03.854+0100][gc,init] Parallel Workers: 8
[2023-01-26T09:29:03.854+0100][gc,init] Concurrent Workers: 2
[2023-01-26T09:29:03.854+0100][gc,init] Concurrent Refinement Workers: 8
[2023-01-26T09:29:03.854+0100][gc,init] Periodic GC: Disabled
[2023-01-26T09:29:03.855+0100][gc,metaspace] CDS archive(s) mapped at: [0x0000000800000000-0x0000000800be3000-0x0000000800be3000), size 12464128, SharedBaseAddress: 0x0000000800000000, ArchiveRelocationMode: 0.
[2023-01-26T09:29:03.855+0100][gc,metaspace] Compressed class space mapped at: 0x0000000800c00000-0x0000000840c00000, reserved size: 1073741824
[2023-01-26T09:29:03.855+0100][gc,metaspace] Narrow klass base: 0x0000000800000000, Narrow klass shift: 0, Narrow klass range: 0x100000000
[2023-01-26T09:29:04.904+0100][gc,start    ] GC(0) Pause Young (Normal) (G1 Evacuation Pause)
[2023-01-26T09:29:04.904+0100][gc,task     ] GC(0) Using 8 workers of 8 for evacuation
[2023-01-26T09:29:04.907+0100][gc,phases   ] GC(0)   Pre Evacuate Collection Set: 0,1ms
[2023-01-26T09:29:04.907+0100][gc,phases   ] GC(0)   Merge Heap Roots: 0,0ms
[2023-01-26T09:29:04.907+0100][gc,phases   ] GC(0)   Evacuate Collection Set: 2,2ms
[2023-01-26T09:29:04.907+0100][gc,phases   ] GC(0)   Post Evacuate Collection Set: 0,3ms
[2023-01-26T09:29:04.907+0100][gc,phases   ] GC(0)   Other: 0,4ms
[2023-01-26T09:29:04.907+0100][gc,heap     ] GC(0) Eden regions: 25->0(21)
[2023-01-26T09:29:04.907+0100][gc,heap     ] GC(0) Survivor regions: 0->4(4)
[2023-01-26T09:29:04.907+0100][gc,heap     ] GC(0) Old regions: 0->4
[2023-01-26T09:29:04.907+0100][gc,heap     ] GC(0) Archive regions: 2->2
[2023-01-26T09:29:04.907+0100][gc,heap     ] GC(0) Humongous regions: 0->0
[2023-01-26T09:29:04.907+0100][gc,metaspace] GC(0) Metaspace: 7967K(8128K)->7967K(8128K) NonClass: 7074K(7168K)->7074K(7168K) Class: 892K(960K)->892K(960K)
[2023-01-26T09:29:04.907+0100][gc          ] GC(0) Pause Young (Normal) (G1 Evacuation Pause) 25M->8M(512M) 3,138ms
[2023-01-26T09:29:04.907+0100][gc,cpu      ] GC(0) User=0,00s Sys=0,01s Real=0,01s
[2023-01-26T09:31:39.895+0100][gc,heap,exit] Heap
[2023-01-26T09:31:39.895+0100][gc,heap,exit]  garbage-first heap   total 524288K, used 13352K [0x00000000e0000000, 0x0000000100000000)
[2023-01-26T09:31:39.895+0100][gc,heap,exit]   region size 1024K, 9 young (9216K), 4 survivors (4096K)
[2023-01-26T09:31:39.895+0100][gc,heap,exit]  Metaspace       used 8079K, committed 8192K, reserved 1056768K
[2023-01-26T09:31:39.895+0100][gc,heap,exit]   class space    used 898K, committed 960K, reserved 1048576K
